2026-08-26 08:04:20,210 [INFO] loaded /Users/monitsharma/code_projects/qat/tracker/data/classically-verifiable-problems/circuit-models/peaked_circuit/peaked_circuit_P11_Hqap_98x1999.qasm: qubits=98 ops={'u': 7996, 'cz': 1999}
2026-08-26 08:04:20,216 [INFO] Pass: Collect2qBlocks - 3.98684 (ms)
2026-08-26 08:04:20,225 [INFO] Pass: ConsolidateBlocks - 8.81720 (ms)
2026-08-26 08:04:20,226 [INFO] after two-qubit block consolidation: ops={'unitary': 1984}
2026-08-26 08:04:20,242 [INFO] environment: python=3.10.21 qiskit=1.4.5 quimb=1.11.2 numpy=2.2.6 scipy=1.15.2 machine=arm64
2026-08-26 08:04:20,418 [INFO] Total unitaries: 1984 = 992 (left) + 992 (right)
2026-08-26 08:04:20,418 [INFO] Rewiring with SabreSwap(trials=90, heuristic='decay', seed=123)
2026-08-26 08:04:20,418 [INFO] Post-unswap rewire candidate scoring enabled: candidates=2, score='lookahead_total', lookahead=8, seed_stride=1009
2026-08-26 08:04:20,419 [INFO] No-progress fail-fast guardrail enabled: abort after 40 consecutive zero-work unswap cycle(s)
2026-08-26 08:04:20,419 [INFO] [start rewire](phase=initial, side=left, layers=57, trials=90, seed=123, parallel=False)
2026-08-26 08:04:22,380 [INFO] [end rewire](phase=initial, side=left, routed_layers=2367, elapsed_s=1.96)
2026-08-26 08:04:22,380 [INFO] [start rewire](phase=initial, side=right, layers=71, trials=90, seed=123, parallel=False)
2026-08-26 08:04:24,015 [INFO] [end rewire](phase=initial, side=right, routed_layers=2266, elapsed_s=1.63)
2026-08-26 08:04:24,029 [INFO] [start compressing] -> {'max_bond': 1, 'max_links': 4, 'total_elems': 392, 'total_shapes': 586, 'total_links': 390, 'num_tensors': 98}
2026-08-26 08:04:24,101 [INFO] [1L/2365](swap: 19, u: 0 | c_u: 0 | t_u_l: 0/992 | t_u_r: 0/992 | t_u: 0/1984) -> {'max_bond': 1, 'max_links': 4, 'total_elems': 392, 'total_shapes': 586, 'total_links': 390, 'num_tensors': 98}
2026-08-26 08:04:24,103 [WARNING] live plot.png generation disabled: No module named 'matplotlib'
2026-08-26 08:04:24,170 [INFO] [1R/2264](swap: 14, u: 1 | c_u: 1 | t_u_l: 0/992 | t_u_r: 1/992 | t_u: 1/1984) -> {'max_bond': 4, 'max_links': 4, 'total_elems': 736, 'total_shapes': 672, 'total_links': 390, 'num_tensors': 98}
2026-08-26 08:04:24,238 [INFO] [2L/2365](swap: 21, u: 0 | c_u: 1 | t_u_l: 0/992 | t_u_r: 1/992 | t_u: 1/1984) -> {'max_bond': 4, 'max_links': 4, 'total_elems': 1288, 'total_shapes': 774, 'total_links': 390, 'num_tensors': 98}
2026-08-26 08:04:24,309 [INFO] [2R/2264](swap: 15, u: 0 | c_u: 1 | t_u_l: 0/992 | t_u_r: 1/992 | t_u: 1/1984) -> {'max_bond': 4, 'max_links': 4, 'total_elems': 2164, 'total_shapes': 846, 'total_links': 390, 'num_tensors': 98}
2026-08-26 08:04:24,379 [INFO] [3R/2264](swap: 15, u: 0 | c_u: 1 | t_u_l: 0/992 | t_u_r: 1/992 | t_u: 1/1984) -> {'max_bond': 16, 'max_links': 4, 'total_elems': 3596, 'total_shapes': 946, 'total_links': 390, 'num_tensors': 98}
2026-08-26 08:04:24,449 [INFO] [4R/2264](swap: 16, u: 0 | c_u: 1 | t_u_l: 0/992 | t_u_r: 1/992 | t_u: 1/1984) -> {'max_bond': 16, 'max_links': 4, 'total_elems': 6488, 'total_shapes': 1066, 'total_links': 390, 'num_tensors': 98}
2026-08-26 08:04:24,520 [INFO] [3L/2365](swap: 20, u: 2 | c_u: 3 | t_u_l: 2/992 | t_u_r: 1/992 | t_u: 3/1984) -> {'max_bond': 16, 'max_links': 4, 'total_elems': 10044, 'total_shapes': 1292, 'total_links': 390, 'num_tensors': 98}
2026-08-26 08:04:24,592 [INFO] [5R/2264](swap: 16, u: 0 | c_u: 3 | t_u_l: 2/992 | t_u_r: 1/992 | t_u: 3/1984) -> {'max_bond': 16, 'max_links': 4, 'total_elems': 17040, 'total_shapes': 1520, 'total_links': 390, 'num_tensors': 98}
2026-08-26 08:04:24,667 [INFO] [6R/2264](swap: 15, u: 0 | c_u: 3 | t_u_l: 2/992 | t_u_r: 1/992 | t_u: 3/1984) -> {'max_bond': 64, 'max_links': 4, 'total_elems': 30852, 'total_shapes': 1826, 'total_links': 390, 'num_tensors': 98}
2026-08-26 08:04:24,758 [INFO] [4L/2365](swap: 20, u: 0 | c_u: 3 | t_u_l: 2/992 | t_u_r: 1/992 | t_u: 3/1984) -> {'max_bond': 64, 'max_links': 4, 'total_elems': 55836, 'total_shapes': 2276, 'total_links': 390, 'num_tensors': 98}
2026-08-26 08:04:24,869 [INFO] [7R/2264](swap: 14, u: 1 | c_u: 4 | t_u_l: 2/992 | t_u_r: 2/992 | t_u: 4/1984) -> {'max_bond': 64, 'max_links': 4, 'total_elems': 106904, 'total_shapes': 2758, 'total_links': 390, 'num_tensors': 98}
2026-08-26 08:04:25,043 [INFO] [8R/2264](swap: 15, u: 0 | c_u: 4 | t_u_l: 2/992 | t_u_r: 2/992 | t_u: 4/1984) -> {'max_bond': 128, 'max_links': 4, 'total_elems': 195320, 'total_shapes': 3300, 'total_links': 390, 'num_tensors': 98}
2026-08-26 08:04:25,417 [INFO] [9R/2264](swap: 15, u: 0 | c_u: 4 | t_u_l: 2/992 | t_u_r: 2/992 | t_u: 4/1984) -> {'max_bond': 128, 'max_links': 4, 'total_elems': 304152, 'total_shapes': 3850, 'total_links': 390, 'num_tensors': 98}
2026-08-26 08:04:26,025 [INFO] [5L/2365](swap: 19, u: 0 | c_u: 4 | t_u_l: 2/992 | t_u_r: 2/992 | t_u: 4/1984) -> {'max_bond': 256, 'max_links': 4, 'total_elems': 596304, 'total_shapes': 5094, 'total_links': 390, 'num_tensors': 98}
2026-08-26 08:04:27,803 [INFO] [6L/2365](swap: 18, u: 1 | c_u: 5 | t_u_l: 3/992 | t_u_r: 2/992 | t_u: 5/1984) -> {'max_bond': 256, 'max_links': 4, 'total_elems': 800396, 'total_shapes': 5980, 'total_links': 390, 'num_tensors': 98}
2026-08-26 08:04:29,529 [INFO] [7L/2365](swap: 14, u: 2 | c_u: 7 | t_u_l: 5/992 | t_u_r: 2/992 | t_u: 7/1984) -> {'max_bond': 256, 'max_links': 4, 'total_elems': 868548, 'total_shapes': 6612, 'total_links': 390, 'num_tensors': 98}
2026-08-26 08:04:31,261 [INFO]     [start unswap] -> {'max_bond': 256, 'max_links': 4, 'total_elems': 868548, 'total_shapes': 6612, 'total_links': 390, 'num_tensors': 98}
2026-08-26 08:04:41,178 [INFO]     [0 | both | 0](candidate_pairs: 49/49 | new_swaps: 4 | total: 4) -> {'max_bond': 256, 'max_links': 4, 'total_elems': 1311812, 'total_shapes': 7412, 'total_links': 390, 'num_tensors': 98}
2026-08-26 08:04:49,072 [INFO]     [0 | both | 1](candidate_pairs: 48/48 | new_swaps: 12 | total: 16) -> {'max_bond': 256, 'max_links': 4, 'total_elems': 669988, 'total_shapes': 5734, 'total_links': 390, 'num_tensors': 98}
2026-08-26 08:04:50,591 [INFO]     [0 | left | 0](candidate_pairs: 49/49 | new_swaps: 14 | total: 30) -> {'max_bond': 128, 'max_links': 4, 'total_elems': 409540, 'total_shapes': 4584, 'total_links': 390, 'num_tensors': 98}
2026-08-26 08:04:51,511 [INFO]     [0 | left | 1](candidate_pairs: 48/48 | new_swaps: 23 | total: 53) -> {'max_bond': 128, 'max_links': 4, 'total_elems': 203520, 'total_shapes': 3490, 'total_links': 390, 'num_tensors': 98}
2026-08-26 08:04:51,768 [INFO]     [0 | right | 0](candidate_pairs: 49/49 | new_swaps: 12 | total: 65) -> {'max_bond': 64, 'max_links': 4, 'total_elems': 127368, 'total_shapes': 2854, 'total_links': 390, 'num_tensors': 98}
2026-08-26 08:04:51,986 [INFO]     [0 | right | 1](candidate_pairs: 48/48 | new_swaps: 14 | total: 79) -> {'max_bond': 64, 'max_links': 4, 'total_elems': 87848, 'total_shapes': 2478, 'total_links': 390, 'num_tensors': 98}
2026-08-26 08:04:52,262 [INFO]     [1 | both | 0](candidate_pairs: 49/49 | new_swaps: 20 | total: 20) -> {'max_bond': 64, 'max_links': 4, 'total_elems': 50676, 'total_shapes': 1940, 'total_links': 390, 'num_tensors': 98}
2026-08-26 08:04:52,461 [INFO]     [1 | both | 1](candidate_pairs: 48/48 | new_swaps: 13 | total: 33) -> {'max_bond': 64, 'max_links': 4, 'total_elems': 27212, 'total_shapes': 1536, 'total_links': 390, 'num_tensors': 98}
2026-08-26 08:04:52,549 [INFO]     [1 | left | 0](candidate_pairs: 49/49 | new_swaps: 14 | total: 47) -> {'max_bond': 32, 'max_links': 4, 'total_elems': 14660, 'total_shapes': 1262, 'total_links': 390, 'num_tensors': 98}
2026-08-26 08:04:52,623 [INFO]     [1 | left | 1](candidate_pairs: 48/48 | new_swaps: 10 | total: 57) -> {'max_bond': 32, 'max_links': 4, 'total_elems': 8724, 'total_shapes': 1130, 'total_links': 390, 'num_tensors': 98}
2026-08-26 08:04:52,689 [INFO]     [1 | right | 0](candidate_pairs: 49/49 | new_swaps: 7 | total: 64) -> {'max_bond': 16, 'max_links': 4, 'total_elems': 5796, 'total_shapes': 1026, 'total_links': 390, 'num_tensors': 98}
2026-08-26 08:04:52,754 [INFO]     [1 | right | 1](candidate_pairs: 48/48 | new_swaps: 6 | total: 70) -> {'max_bond': 16, 'max_links': 4, 'total_elems': 5256, 'total_shapes': 988, 'total_links': 390, 'num_tensors': 98}
2026-08-26 08:04:52,869 [INFO]     [2 | both | 0](candidate_pairs: 49/49 | new_swaps: 9 | total: 9) -> {'max_bond': 16, 'max_links': 4, 'total_elems': 3812, 'total_shapes': 926, 'total_links': 390, 'num_tensors': 98}
2026-08-26 08:04:52,984 [INFO]     [2 | both | 1](candidate_pairs: 48/48 | new_swaps: 13 | total: 22) -> {'max_bond': 8, 'max_links': 4, 'total_elems': 2660, 'total_shapes': 838, 'total_links': 390, 'num_tensors': 98}
2026-08-26 08:04:53,048 [INFO]     [2 | left | 0](candidate_pairs: 49/49 | new_swaps: 7 | total: 29) -> {'max_bond': 8, 'max_links': 4, 'total_elems': 2084, 'total_shapes': 790, 'total_links': 390, 'num_tensors': 98}
2026-08-26 08:04:53,109 [INFO]     [2 | left | 1](candidate_pairs: 48/48 | new_swaps: 3 | total: 32) -> {'max_bond': 4, 'max_links': 4, 'total_elems': 1856, 'total_shapes': 766, 'total_links': 390, 'num_tensors': 98}
2026-08-26 08:04:53,171 [INFO]     [2 | right | 0](candidate_pairs: 49/49 | new_swaps: 3 | total: 35) -> {'max_bond': 4, 'max_links': 4, 'total_elems': 1684, 'total_shapes': 750, 'total_links': 390, 'num_tensors': 98}
2026-08-26 08:04:53,232 [INFO]     [2 | right | 1](candidate_pairs: 48/48 | new_swaps: 1 | total: 36) -> {'max_bond': 4, 'max_links': 4, 'total_elems': 1624, 'total_shapes': 744, 'total_links': 390, 'num_tensors': 98}
2026-08-26 08:04:53,345 [INFO]     [3 | both | 0](candidate_pairs: 49/49 | new_swaps: 12 | total: 12) -> {'max_bond': 4, 'max_links': 4, 'total_elems': 1096, 'total_shapes': 692, 'total_links': 390, 'num_tensors': 98}
2026-08-26 08:04:53,453 [INFO]     [3 | both | 1](candidate_pairs: 48/48 | new_swaps: 6 | total: 18) -> {'max_bond': 4, 'max_links': 4, 'total_elems': 892, 'total_shapes': 670, 'total_links': 390, 'num_tensors': 98}
2026-08-26 08:04:53,513 [INFO]     [3 | left | 0](candidate_pairs: 49/49 | new_swaps: 1 | total: 19) -> {'max_bond': 4, 'max_links': 4, 'total_elems': 868, 'total_shapes': 666, 'total_links': 390, 'num_tensors': 98}
2026-08-26 08:04:53,575 [INFO]     [3 | left | 1](candidate_pairs: 48/48 | new_swaps: 5 | total: 24) -> {'max_bond': 4, 'max_links': 4, 'total_elems': 736, 'total_shapes': 640, 'total_links': 390, 'num_tensors': 98}
2026-08-26 08:04:53,634 [INFO]     [3 | right | 0](candidate_pairs: 49/49 | new_swaps: 1 | total: 25) -> {'max_bond': 4, 'max_links': 4, 'total_elems': 676, 'total_shapes': 634, 'total_links': 390, 'num_tensors': 98}
2026-08-26 08:04:53,659 [INFO]     [3 | right | 1](candidate_pairs: 48/48 | new_swaps: 0 | total: 25) -> {'max_bond': 4, 'max_links': 4, 'total_elems': 676, 'total_shapes': 634, 'total_links': 390, 'num_tensors': 98}
2026-08-26 08:04:53,768 [INFO]     [4 | both | 0](candidate_pairs: 49/49 | new_swaps: 6 | total: 6) -> {'max_bond': 4, 'max_links': 4, 'total_elems': 556, 'total_shapes': 618, 'total_links': 390, 'num_tensors': 98}
2026-08-26 08:04:53,873 [INFO]     [4 | both | 1](candidate_pairs: 48/48 | new_swaps: 3 | total: 9) -> {'max_bond': 4, 'max_links': 4, 'total_elems': 520, 'total_shapes': 612, 'total_links': 390, 'num_tensors': 98}
2026-08-26 08:04:53,899 [INFO]     [4 | left | 0](candidate_pairs: 49/49 | new_swaps: 0 | total: 9) -> {'max_bond': 4, 'max_links': 4, 'total_elems': 520, 'total_shapes': 612, 'total_links': 390, 'num_tensors': 98}
2026-08-26 08:04:53,958 [INFO]     [4 | left | 1](candidate_pairs: 48/48 | new_swaps: 1 | total: 10) -> {'max_bond': 4, 'max_links': 4, 'total_elems': 496, 'total_shapes': 606, 'total_links': 390, 'num_tensors': 98}
2026-08-26 08:04:53,983 [INFO]     [4 | right | 0](candidate_pairs: 49/49 | new_swaps: 0 | total: 10) -> {'max_bond': 4, 'max_links': 4, 'total_elems': 496, 'total_shapes': 606, 'total_links': 390, 'num_tensors': 98}
2026-08-26 08:04:54,009 [INFO]     [4 | right | 1](candidate_pairs: 48/48 | new_swaps: 0 | total: 10) -> {'max_bond': 4, 'max_links': 4, 'total_elems': 496, 'total_shapes': 606, 'total_links': 390, 'num_tensors': 98}
2026-08-26 08:04:54,058 [INFO]     [5 | both | 0](candidate_pairs: 49/49 | new_swaps: 0 | total: 0) -> {'max_bond': 4, 'max_links': 4, 'total_elems': 496, 'total_shapes': 606, 'total_links': 390, 'num_tensors': 98}
2026-08-26 08:04:54,106 [INFO]     [5 | both | 1](candidate_pairs: 48/48 | new_swaps: 0 | total: 0) -> {'max_bond': 4, 'max_links': 4, 'total_elems': 496, 'total_shapes': 606, 'total_links': 390, 'num_tensors': 98}
2026-08-26 08:04:54,132 [INFO]     [5 | left | 0](candidate_pairs: 49/49 | new_swaps: 0 | total: 0) -> {'max_bond': 4, 'max_links': 4, 'total_elems': 496, 'total_shapes': 606, 'total_links': 390, 'num_tensors': 98}
2026-08-26 08:04:54,157 [INFO]     [5 | left | 1](candidate_pairs: 48/48 | new_swaps: 0 | total: 0) -> {'max_bond': 4, 'max_links': 4, 'total_elems': 496, 'total_shapes': 606, 'total_links': 390, 'num_tensors': 98}
2026-08-26 08:04:54,182 [INFO]     [5 | right | 0](candidate_pairs: 49/49 | new_swaps: 0 | total: 0) -> {'max_bond': 4, 'max_links': 4, 'total_elems': 496, 'total_shapes': 606, 'total_links': 390, 'num_tensors': 98}
2026-08-26 08:04:54,207 [INFO]     [5 | right | 1](candidate_pairs: 48/48 | new_swaps: 0 | total: 0) -> {'max_bond': 4, 'max_links': 4, 'total_elems': 496, 'total_shapes': 606, 'total_links': 390, 'num_tensors': 98}
2026-08-26 08:04:54,208 [INFO]     [end unswap] -> {'max_bond': 4, 'max_links': 4, 'total_elems': 496, 'total_shapes': 606, 'total_links': 390, 'num_tensors': 98}
2026-08-26 08:04:54,212 [INFO] [start rewire](phase=post_unswap, cycle=1, side=left, layers=2360, trials=20, seed=123, parallel=False, route_candidates=2, route_score=lookahead_total)
2026-08-26 08:04:59,318 [INFO] [end rewire](phase=post_unswap, cycle=1, side=left, routed_layers=2386, elapsed_s=5.11)
2026-08-26 08:04:59,318 [INFO] [start rewire](phase=post_unswap, cycle=1, side=right, layers=2257, trials=20, seed=123, parallel=False, route_candidates=2, route_score=lookahead_total)
2026-08-26 08:05:04,255 [INFO] [end rewire](phase=post_unswap, cycle=1, side=right, routed_layers=2477, elapsed_s=4.94)
2026-08-26 08:05:04,332 [INFO] [1L/2384](swap: 22, u: 0 | c_u: 0 | t_u_l: 5/992 | t_u_r: 2/992 | t_u: 7/1984) -> {'max_bond': 4, 'max_links': 4, 'total_elems': 496, 'total_shapes': 606, 'total_links': 390, 'num_tensors': 98}
2026-08-26 08:05:04,404 [INFO] [1R/2475](swap: 16, u: 0 | c_u: 0 | t_u_l: 5/992 | t_u_r: 2/992 | t_u: 7/1984) -> {'max_bond': 4, 'max_links': 4, 'total_elems': 956, 'total_shapes': 700, 'total_links': 390, 'num_tensors': 98}
2026-08-26 08:05:04,476 [INFO] [2L/2384](swap: 21, u: 0 | c_u: 0 | t_u_l: 5/992 | t_u_r: 2/992 | t_u: 7/1984) -> {'max_bond': 4, 'max_links': 4, 'total_elems': 1656, 'total_shapes': 800, 'total_links': 390, 'num_tensors': 98}
2026-08-26 08:05:04,548 [INFO] [2R/2475](swap: 17, u: 0 | c_u: 0 | t_u_l: 5/992 | t_u_r: 2/992 | t_u: 7/1984) -> {'max_bond': 4, 'max_links': 4, 'total_elems': 2416, 'total_shapes': 870, 'total_links': 390, 'num_tensors': 98}
2026-08-26 08:05:04,621 [INFO] [3L/2384](swap: 20, u: 0 | c_u: 0 | t_u_l: 5/992 | t_u_r: 2/992 | t_u: 7/1984) -> {'max_bond': 16, 'max_links': 4, 'total_elems': 4132, 'total_shapes': 1004, 'total_links': 390, 'num_tensors': 98}
2026-08-26 08:05:04,693 [INFO] [4L/2384](swap: 19, u: 0 | c_u: 0 | t_u_l: 5/992 | t_u_r: 2/992 | t_u: 7/1984) -> {'max_bond': 16, 'max_links': 4, 'total_elems': 7828, 'total_shapes': 1166, 'total_links': 390, 'num_tensors': 98}
2026-08-26 08:05:04,769 [INFO] [5L/2384](swap: 17, u: 1 | c_u: 1 | t_u_l: 6/992 | t_u_r: 2/992 | t_u: 8/1984) -> {'max_bond': 16, 'max_links': 4, 'total_elems': 12456, 'total_shapes': 1370, 'total_links': 390, 'num_tensors': 98}
2026-08-26 08:05:04,846 [INFO] [6L/2384](swap: 15, u: 1 | c_u: 2 | t_u_l: 7/992 | t_u_r: 2/992 | t_u: 9/1984) -> {'max_bond': 16, 'max_links': 4, 'total_elems': 20128, 'total_shapes': 1626, 'total_links': 390, 'num_tensors': 98}
2026-08-26 08:05:04,928 [INFO] [7L/2384](swap: 15, u: 0 | c_u: 2 | t_u_l: 7/992 | t_u_r: 2/992 | t_u: 9/1984) -> {'max_bond': 64, 'max_links': 4, 'total_elems': 39964, 'total_shapes': 2040, 'total_links': 390, 'num_tensors': 98}
2026-08-26 08:05:05,024 [INFO] [8L/2384](swap: 13, u: 0 | c_u: 2 | t_u_l: 7/992 | t_u_r: 2/992 | t_u: 9/1984) -> {'max_bond': 64, 'max_links': 4, 'total_elems': 62876, 'total_shapes': 2284, 'total_links': 390, 'num_tensors': 98}
2026-08-26 08:05:05,135 [INFO] [9L/2384](swap: 13, u: 0 | c_u: 2 | t_u_l: 7/992 | t_u_r: 2/992 | t_u: 9/1984) -> {'max_bond': 64, 'max_links': 4, 'total_elems': 75032, 'total_shapes': 2506, 'total_links': 390, 'num_tensors': 98}
2026-08-26 08:05:05,250 [INFO] [10L/2384](swap: 13, u: 0 | c_u: 2 | t_u_l: 7/992 | t_u_r: 2/992 | t_u: 9/1984) -> {'max_bond': 64, 'max_links': 4, 'total_elems': 94136, 'total_shapes': 2836, 'total_links': 390, 'num_tensors': 98}
2026-08-26 08:05:05,385 [INFO] [11L/2384](swap: 13, u: 0 | c_u: 2 | t_u_l: 7/992 | t_u_r: 2/992 | t_u: 9/1984) -> {'max_bond': 64, 'max_links': 4, 'total_elems': 129716, 'total_shapes': 3154, 'total_links': 390, 'num_tensors': 98}
2026-08-26 08:05:05,544 [INFO] [12L/2384](swap: 12, u: 1 | c_u: 3 | t_u_l: 8/992 | t_u_r: 2/992 | t_u: 10/1984) -> {'max_bond': 64, 'max_links': 4, 'total_elems': 182896, 'total_shapes': 3672, 'total_links': 390, 'num_tensors': 98}
2026-08-26 08:05:05,793 [INFO] [3R/2475](swap: 15, u: 0 | c_u: 3 | t_u_l: 8/992 | t_u_r: 2/992 | t_u: 10/1984) -> {'max_bond': 64, 'max_links': 4, 'total_elems': 249448, 'total_shapes': 4020, 'total_links': 390, 'num_tensors': 98}
2026-08-26 08:05:06,129 [INFO] [13L/2384](swap: 12, u: 2 | c_u: 5 | t_u_l: 10/992 | t_u_r: 2/992 | t_u: 12/1984) -> {'max_bond': 64, 'max_links': 4, 'total_elems': 313764, 'total_shapes': 4490, 'total_links': 390, 'num_tensors': 98}
2026-08-26 08:05:06,613 [INFO] [4R/2475](swap: 15, u: 1 | c_u: 6 | t_u_l: 10/992 | t_u_r: 3/992 | t_u: 13/1984) -> {'max_bond': 256, 'max_links': 4, 'total_elems': 519168, 'total_shapes': 5558, 'total_links': 390, 'num_tensors': 98}
2026-08-26 08:05:07,362 [INFO] [14L/2384](swap: 14, u: 1 | c_u: 7 | t_u_l: 11/992 | t_u_r: 3/992 | t_u: 14/1984) -> {'max_bond': 256, 'max_links': 4, 'total_elems': 782528, 'total_shapes': 6658, 'total_links': 390, 'num_tensors': 98}
2026-08-26 08:05:08,929 [INFO]     [start unswap] -> {'max_bond': 256, 'max_links': 4, 'total_elems': 782528, 'total_shapes': 6658, 'total_links': 390, 'num_tensors': 98}
2026-08-26 08:05:20,009 [INFO]     [0 | both | 0](candidate_pairs: 49/49 | new_swaps: 7 | total: 7) -> {'max_bond': 256, 'max_links': 4, 'total_elems': 1637088, 'total_shapes': 7564, 'total_links': 390, 'num_tensors': 98}
2026-08-26 08:05:40,167 [INFO]     [0 | both | 1](candidate_pairs: 48/48 | new_swaps: 13 | total: 20) -> {'max_bond': 512, 'max_links': 4, 'total_elems': 1890040, 'total_shapes': 6778, 'total_links': 390, 'num_tensors': 98}
2026-08-26 08:05:50,492 [INFO]     [0 | left | 0](candidate_pairs: 49/49 | new_swaps: 13 | total: 33) -> {'max_bond': 508, 'max_links': 4, 'total_elems': 1566528, 'total_shapes': 5784, 'total_links': 390, 'num_tensors': 98}
2026-08-26 08:05:56,028 [INFO]     [0 | left | 1](candidate_pairs: 48/48 | new_swaps: 12 | total: 45) -> {'max_bond': 504, 'max_links': 4, 'total_elems': 1480792, 'total_shapes': 5192, 'total_links': 390, 'num_tensors': 98}
2026-08-26 08:06:04,558 [INFO]     [0 | right | 0](candidate_pairs: 49/49 | new_swaps: 9 | total: 54) -> {'max_bond': 500, 'max_links': 4, 'total_elems': 1447272, 'total_shapes': 4832, 'total_links': 390, 'num_tensors': 98}
2026-08-26 08:06:10,399 [INFO]     [0 | right | 1](candidate_pairs: 48/48 | new_swaps: 11 | total: 65) -> {'max_bond': 496, 'max_links': 4, 'total_elems': 1182144, 'total_shapes': 4238, 'total_links': 390, 'num_tensors': 98}
2026-08-26 08:06:19,801 [INFO]     [1 | both | 0](candidate_pairs: 49/49 | new_swaps: 12 | total: 12) -> {'max_bond': 488, 'max_links': 4, 'total_elems': 1129044, 'total_shapes': 3884, 'total_links': 390, 'num_tensors': 98}
2026-08-26 08:06:28,138 [INFO]     [1 | both | 1](candidate_pairs: 48/48 | new_swaps: 10 | total: 22) -> {'max_bond': 480, 'max_links': 4, 'total_elems': 1101652, 'total_shapes': 3664, 'total_links': 390, 'num_tensors': 98}
2026-08-26 08:06:32,522 [INFO]     [1 | left | 0](candidate_pairs: 49/49 | new_swaps: 5 | total: 27) -> {'max_bond': 477, 'max_links': 4, 'total_elems': 1091504, 'total_shapes': 3574, 'total_links': 390, 'num_tensors': 98}
2026-08-26 08:06:36,534 [INFO]     [1 | left | 1](candidate_pairs: 48/48 | new_swaps: 7 | total: 34) -> {'max_bond': 473, 'max_links': 4, 'total_elems': 1080420, 'total_shapes': 3502, 'total_links': 390, 'num_tensors': 98}
2026-08-26 08:06:40,758 [INFO]     [1 | right | 0](candidate_pairs: 49/49 | new_swaps: 8 | total: 42) -> {'max_bond': 470, 'max_links': 4, 'total_elems': 1070040, 'total_shapes': 3412, 'total_links': 390, 'num_tensors': 98}
2026-08-26 08:06:44,674 [INFO]     [1 | right | 1](candidate_pairs: 48/48 | new_swaps: 6 | total: 48) -> {'max_bond': 467, 'max_links': 4, 'total_elems': 1061664, 'total_shapes': 3326, 'total_links': 390, 'num_tensors': 98}
2026-08-26 08:06:52,942 [INFO]     [2 | both | 0](candidate_pairs: 49/49 | new_swaps: 11 | total: 11) -> {'max_bond': 461, 'max_links': 4, 'total_elems': 1047472, 'total_shapes': 3222, 'total_links': 390, 'num_tensors': 98}
2026-08-26 08:07:00,866 [INFO]     [2 | both | 1](candidate_pairs: 48/48 | new_swaps: 10 | total: 21) -> {'max_bond': 455, 'max_links': 4, 'total_elems': 1034128, 'total_shapes': 3134, 'total_links': 390, 'num_tensors': 98}
2026-08-26 08:07:04,818 [INFO]     [2 | left | 0](candidate_pairs: 49/49 | new_swaps: 3 | total: 24) -> {'max_bond': 452, 'max_links': 4, 'total_elems': 1023760, 'total_shapes': 3106, 'total_links': 390, 'num_tensors': 98}
2026-08-26 08:07:08,634 [INFO]     [2 | left | 1](candidate_pairs: 48/48 | new_swaps: 7 | total: 31) -> {'max_bond': 449, 'max_links': 4, 'total_elems': 1017412, 'total_shapes': 3058, 'total_links': 390, 'num_tensors': 98}
2026-08-26 08:07:12,461 [INFO]     [2 | right | 0](candidate_pairs: 49/49 | new_swaps: 5 | total: 36) -> {'max_bond': 446, 'max_links': 4, 'total_elems': 1011172, 'total_shapes': 3016, 'total_links': 390, 'num_tensors': 98}
2026-08-26 08:07:16,216 [INFO]     [2 | right | 1](candidate_pairs: 48/48 | new_swaps: 2 | total: 38) -> {'max_bond': 443, 'max_links': 4, 'total_elems': 1005160, 'total_shapes': 3000, 'total_links': 390, 'num_tensors': 98}
2026-08-26 08:07:23,745 [INFO]     [3 | both | 0](candidate_pairs: 49/49 | new_swaps: 6 | total: 6) -> {'max_bond': 437, 'max_links': 4, 'total_elems': 988864, 'total_shapes': 2948, 'total_links': 390, 'num_tensors': 98}
2026-08-26 08:07:31,359 [INFO]     [3 | both | 1](candidate_pairs: 48/48 | new_swaps: 9 | total: 15) -> {'max_bond': 431, 'max_links': 4, 'total_elems': 974428, 'total_shapes': 2884, 'total_links': 390, 'num_tensors': 98}
2026-08-26 08:07:34,931 [INFO]     [3 | left | 0](candidate_pairs: 49/49 | new_swaps: 3 | total: 18) -> {'max_bond': 428, 'max_links': 4, 'total_elems': 966520, 'total_shapes': 2864, 'total_links': 390, 'num_tensors': 98}
2026-08-26 08:07:38,573 [INFO]     [3 | left | 1](candidate_pairs: 48/48 | new_swaps: 1 | total: 19) -> {'max_bond': 425, 'max_links': 4, 'total_elems': 960664, 'total_shapes': 2852, 'total_links': 390, 'num_tensors': 98}
2026-08-26 08:07:42,041 [INFO]     [3 | right | 0](candidate_pairs: 49/49 | new_swaps: 2 | total: 21) -> {'max_bond': 422, 'max_links': 4, 'total_elems': 954712, 'total_shapes': 2834, 'total_links': 390, 'num_tensors': 98}
2026-08-26 08:07:45,605 [INFO]     [3 | right | 1](candidate_pairs: 48/48 | new_swaps: 1 | total: 22) -> {'max_bond': 419, 'max_links': 4, 'total_elems': 948820, 'total_shapes': 2822, 'total_links': 390, 'num_tensors': 98}
2026-08-26 08:07:52,408 [INFO]     [4 | both | 0](candidate_pairs: 49/49 | new_swaps: 5 | total: 5) -> {'max_bond': 414, 'max_links': 4, 'total_elems': 937044, 'total_shapes': 2794, 'total_links': 390, 'num_tensors': 98}
2026-08-26 08:07:59,798 [INFO]     [4 | both | 1](candidate_pairs: 48/48 | new_swaps: 5 | total: 10) -> {'max_bond': 409, 'max_links': 4, 'total_elems': 925308, 'total_shapes': 2766, 'total_links': 390, 'num_tensors': 98}
2026-08-26 08:08:02,466 [INFO]     [4 | left | 0](candidate_pairs: 49/49 | new_swaps: 0 | total: 10) -> {'max_bond': 409, 'max_links': 4, 'total_elems': 925308, 'total_shapes': 2766, 'total_links': 390, 'num_tensors': 98}
2026-08-26 08:08:05,940 [INFO]     [4 | left | 1](candidate_pairs: 48/48 | new_swaps: 1 | total: 11) -> {'max_bond': 407, 'max_links': 4, 'total_elems': 921412, 'total_shapes': 2758, 'total_links': 390, 'num_tensors': 98}
2026-08-26 08:08:08,574 [INFO]     [4 | right | 0](candidate_pairs: 49/49 | new_swaps: 0 | total: 11) -> {'max_bond': 407, 'max_links': 4, 'total_elems': 921412, 'total_shapes': 2758, 'total_links': 390, 'num_tensors': 98}
2026-08-26 08:08:11,457 [INFO]     [4 | right | 1](candidate_pairs: 48/48 | new_swaps: 0 | total: 11) -> {'max_bond': 407, 'max_links': 4, 'total_elems': 921412, 'total_shapes': 2758, 'total_links': 390, 'num_tensors': 98}
2026-08-26 08:08:17,957 [INFO]     [5 | both | 0](candidate_pairs: 49/49 | new_swaps: 5 | total: 5) -> {'max_bond': 403, 'max_links': 4, 'total_elems': 913524, 'total_shapes': 2734, 'total_links': 390, 'num_tensors': 98}
2026-08-26 08:08:25,221 [INFO]     [5 | both | 1](candidate_pairs: 48/48 | new_swaps: 4 | total: 9) -> {'max_bond': 399, 'max_links': 4, 'total_elems': 903880, 'total_shapes': 2716, 'total_links': 390, 'num_tensors': 98}
2026-08-26 08:08:27,771 [INFO]     [5 | left | 0](candidate_pairs: 49/49 | new_swaps: 0 | total: 9) -> {'max_bond': 399, 'max_links': 4, 'total_elems': 903880, 'total_shapes': 2716, 'total_links': 390, 'num_tensors': 98}
2026-08-26 08:08:31,188 [INFO]     [5 | left | 1](candidate_pairs: 48/48 | new_swaps: 1 | total: 10) -> {'max_bond': 397, 'max_links': 4, 'total_elems': 898148, 'total_shapes': 2706, 'total_links': 390, 'num_tensors': 98}
2026-08-26 08:08:33,693 [INFO]     [5 | right | 0](candidate_pairs: 49/49 | new_swaps: 0 | total: 10) -> {'max_bond': 397, 'max_links': 4, 'total_elems': 898148, 'total_shapes': 2706, 'total_links': 390, 'num_tensors': 98}
2026-08-26 08:08:36,535 [INFO]     [5 | right | 1](candidate_pairs: 48/48 | new_swaps: 0 | total: 10) -> {'max_bond': 397, 'max_links': 4, 'total_elems': 898148, 'total_shapes': 2706, 'total_links': 390, 'num_tensors': 98}
2026-08-26 08:08:42,731 [INFO]     [6 | both | 0](candidate_pairs: 49/49 | new_swaps: 3 | total: 3) -> {'max_bond': 393, 'max_links': 4, 'total_elems': 890400, 'total_shapes': 2692, 'total_links': 390, 'num_tensors': 98}
2026-08-26 08:08:49,866 [INFO]     [6 | both | 1](candidate_pairs: 48/48 | new_swaps: 4 | total: 7) -> {'max_bond': 389, 'max_links': 4, 'total_elems': 882640, 'total_shapes': 2676, 'total_links': 390, 'num_tensors': 98}
2026-08-26 08:08:52,302 [INFO]     [6 | left | 0](candidate_pairs: 49/49 | new_swaps: 0 | total: 7) -> {'max_bond': 389, 'max_links': 4, 'total_elems': 882640, 'total_shapes': 2676, 'total_links': 390, 'num_tensors': 98}
2026-08-26 08:08:55,118 [INFO]     [6 | left | 1](candidate_pairs: 48/48 | new_swaps: 0 | total: 7) -> {'max_bond': 389, 'max_links': 4, 'total_elems': 882640, 'total_shapes': 2676, 'total_links': 390, 'num_tensors': 98}
2026-08-26 08:08:57,534 [INFO]     [6 | right | 0](candidate_pairs: 49/49 | new_swaps: 0 | total: 7) -> {'max_bond': 389, 'max_links': 4, 'total_elems': 882640, 'total_shapes': 2676, 'total_links': 390, 'num_tensors': 98}
2026-08-26 08:09:00,354 [INFO]     [6 | right | 1](candidate_pairs: 48/48 | new_swaps: 0 | total: 7) -> {'max_bond': 389, 'max_links': 4, 'total_elems': 882640, 'total_shapes': 2676, 'total_links': 390, 'num_tensors': 98}
2026-08-26 08:09:06,817 [INFO]     [7 | both | 0](candidate_pairs: 49/49 | new_swaps: 3 | total: 3) -> {'max_bond': 385, 'max_links': 4, 'total_elems': 874892, 'total_shapes': 2662, 'total_links': 390, 'num_tensors': 98}
2026-08-26 08:09:14,395 [INFO]     [7 | both | 1](candidate_pairs: 48/48 | new_swaps: 1 | total: 4) -> {'max_bond': 381, 'max_links': 4, 'total_elems': 867168, 'total_shapes': 2652, 'total_links': 390, 'num_tensors': 98}
2026-08-26 08:09:16,780 [INFO]     [7 | left | 0](candidate_pairs: 49/49 | new_swaps: 0 | total: 4) -> {'max_bond': 381, 'max_links': 4, 'total_elems': 867168, 'total_shapes': 2652, 'total_links': 390, 'num_tensors': 98}
2026-08-26 08:09:19,567 [INFO]     [7 | left | 1](candidate_pairs: 48/48 | new_swaps: 0 | total: 4) -> {'max_bond': 381, 'max_links': 4, 'total_elems': 867168, 'total_shapes': 2652, 'total_links': 390, 'num_tensors': 98}
2026-08-26 08:09:21,910 [INFO]     [7 | right | 0](candidate_pairs: 49/49 | new_swaps: 0 | total: 4) -> {'max_bond': 381, 'max_links': 4, 'total_elems': 867168, 'total_shapes': 2652, 'total_links': 390, 'num_tensors': 98}
2026-08-26 08:09:24,701 [INFO]     [7 | right | 1](candidate_pairs: 48/48 | new_swaps: 0 | total: 4) -> {'max_bond': 381, 'max_links': 4, 'total_elems': 867168, 'total_shapes': 2652, 'total_links': 390, 'num_tensors': 98}
2026-08-26 08:09:30,498 [INFO]     [8 | both | 0](candidate_pairs: 49/49 | new_swaps: 1 | total: 1) -> {'max_bond': 377, 'max_links': 4, 'total_elems': 857680, 'total_shapes': 2640, 'total_links': 390, 'num_tensors': 98}
2026-08-26 08:09:36,481 [INFO]     [8 | both | 1](candidate_pairs: 48/48 | new_swaps: 0 | total: 1) -> {'max_bond': 377, 'max_links': 4, 'total_elems': 857680, 'total_shapes': 2640, 'total_links': 390, 'num_tensors': 98}
2026-08-26 08:09:38,780 [INFO]     [8 | left | 0](candidate_pairs: 49/49 | new_swaps: 0 | total: 1) -> {'max_bond': 377, 'max_links': 4, 'total_elems': 857680, 'total_shapes': 2640, 'total_links': 390, 'num_tensors': 98}
2026-08-26 08:09:41,551 [INFO]     [8 | left | 1](candidate_pairs: 48/48 | new_swaps: 0 | total: 1) -> {'max_bond': 377, 'max_links': 4, 'total_elems': 857680, 'total_shapes': 2640, 'total_links': 390, 'num_tensors': 98}
2026-08-26 08:09:43,839 [INFO]     [8 | right | 0](candidate_pairs: 49/49 | new_swaps: 0 | total: 1) -> {'max_bond': 377, 'max_links': 4, 'total_elems': 857680, 'total_shapes': 2640, 'total_links': 390, 'num_tensors': 98}
2026-08-26 08:09:46,611 [INFO]     [8 | right | 1](candidate_pairs: 48/48 | new_swaps: 0 | total: 1) -> {'max_bond': 377, 'max_links': 4, 'total_elems': 857680, 'total_shapes': 2640, 'total_links': 390, 'num_tensors': 98}
2026-08-26 08:09:51,252 [INFO]     [9 | both | 0](candidate_pairs: 49/49 | new_swaps: 0 | total: 0) -> {'max_bond': 377, 'max_links': 4, 'total_elems': 857680, 'total_shapes': 2640, 'total_links': 390, 'num_tensors': 98}
2026-08-26 08:09:57,245 [INFO]     [9 | both | 1](candidate_pairs: 48/48 | new_swaps: 0 | total: 0) -> {'max_bond': 377, 'max_links': 4, 'total_elems': 857680, 'total_shapes': 2640, 'total_links': 390, 'num_tensors': 98}
2026-08-26 08:09:59,622 [INFO]     [9 | left | 0](candidate_pairs: 49/49 | new_swaps: 0 | total: 0) -> {'max_bond': 377, 'max_links': 4, 'total_elems': 857680, 'total_shapes': 2640, 'total_links': 390, 'num_tensors': 98}
2026-08-26 08:10:02,385 [INFO]     [9 | left | 1](candidate_pairs: 48/48 | new_swaps: 0 | total: 0) -> {'max_bond': 377, 'max_links': 4, 'total_elems': 857680, 'total_shapes': 2640, 'total_links': 390, 'num_tensors': 98}
2026-08-26 08:10:04,673 [INFO]     [9 | right | 0](candidate_pairs: 49/49 | new_swaps: 0 | total: 0) -> {'max_bond': 377, 'max_links': 4, 'total_elems': 857680, 'total_shapes': 2640, 'total_links': 390, 'num_tensors': 98}
2026-08-26 08:10:07,442 [INFO]     [9 | right | 1](candidate_pairs: 48/48 | new_swaps: 0 | total: 0) -> {'max_bond': 377, 'max_links': 4, 'total_elems': 857680, 'total_shapes': 2640, 'total_links': 390, 'num_tensors': 98}
2026-08-26 08:10:07,443 [INFO]     [end unswap] -> {'max_bond': 377, 'max_links': 4, 'total_elems': 857680, 'total_shapes': 2640, 'total_links': 390, 'num_tensors': 98}
2026-08-26 08:10:07,449 [INFO] [start rewire](phase=post_unswap, cycle=2, side=left, layers=2372, trials=20, seed=123, parallel=False, route_candidates=2, route_score=lookahead_total)
2026-08-26 08:10:22,102 [INFO] [end rewire](phase=post_unswap, cycle=2, side=left, routed_layers=2438, elapsed_s=14.65)
2026-08-26 08:10:22,102 [INFO] [start rewire](phase=post_unswap, cycle=2, side=right, layers=2473, trials=20, seed=123, parallel=False, route_candidates=2, route_score=lookahead_total)
2026-08-26 08:10:49,049 [INFO] [end rewire](phase=post_unswap, cycle=2, side=right, routed_layers=2449, elapsed_s=26.95)
2026-08-26 08:10:50,126 [INFO] [1L/2436](swap: 18, u: 0 | c_u: 0 | t_u_l: 11/992 | t_u_r: 3/992 | t_u: 14/1984) -> {'max_bond': 375, 'max_links': 4, 'total_elems': 852076, 'total_shapes': 2634, 'total_links': 390, 'num_tensors': 98}
2026-08-26 08:10:51,190 [INFO] [1R/2447](swap: 15, u: 0 | c_u: 0 | t_u_l: 11/992 | t_u_r: 3/992 | t_u: 14/1984) -> {'max_bond': 373, 'max_links': 4, 'total_elems': 848648, 'total_shapes': 2718, 'total_links': 390, 'num_tensors': 98}
2026-08-26 08:10:52,236 [INFO] [2L/2436](swap: 18, u: 0 | c_u: 0 | t_u_l: 11/992 | t_u_r: 3/992 | t_u: 14/1984) -> {'max_bond': 371, 'max_links': 4, 'total_elems': 845756, 'total_shapes': 2784, 'total_links': 390, 'num_tensors': 98}
2026-08-26 08:10:53,272 [INFO] [2R/2447](swap: 17, u: 0 | c_u: 0 | t_u_l: 11/992 | t_u_r: 3/992 | t_u: 14/1984) -> {'max_bond': 369, 'max_links': 4, 'total_elems': 843940, 'total_shapes': 2908, 'total_links': 390, 'num_tensors': 98}
2026-08-26 08:10:54,307 [INFO] [3R/2447](swap: 16, u: 0 | c_u: 0 | t_u_l: 11/992 | t_u_r: 3/992 | t_u: 14/1984) -> {'max_bond': 367, 'max_links': 4, 'total_elems': 839372, 'total_shapes': 3046, 'total_links': 390, 'num_tensors': 98}
2026-08-26 08:10:55,327 [INFO] [4R/2447](swap: 14, u: 0 | c_u: 0 | t_u_l: 11/992 | t_u_r: 3/992 | t_u: 14/1984) -> {'max_bond': 365, 'max_links': 4, 'total_elems': 843316, 'total_shapes': 3250, 'total_links': 390, 'num_tensors': 98}
2026-08-26 08:10:56,349 [INFO] [3L/2436](swap: 19, u: 0 | c_u: 0 | t_u_l: 11/992 | t_u_r: 3/992 | t_u: 14/1984) -> {'max_bond': 363, 'max_links': 4, 'total_elems': 857476, 'total_shapes': 3500, 'total_links': 390, 'num_tensors': 98}
2026-08-26 08:10:57,448 [INFO] [5R/2447](swap: 15, u: 0 | c_u: 0 | t_u_l: 11/992 | t_u_r: 3/992 | t_u: 14/1984) -> {'max_bond': 361, 'max_links': 4, 'total_elems': 880772, 'total_shapes': 3832, 'total_links': 390, 'num_tensors': 98}
2026-08-26 08:10:58,689 [INFO] [4L/2436](swap: 19, u: 0 | c_u: 0 | t_u_l: 11/992 | t_u_r: 3/992 | t_u: 14/1984) -> {'max_bond': 359, 'max_links': 4, 'total_elems': 982864, 'total_shapes': 4206, 'total_links': 390, 'num_tensors': 98}
2026-08-26 08:10:59,953 [INFO]     [start unswap] -> {'max_bond': 359, 'max_links': 4, 'total_elems': 982864, 'total_shapes': 4206, 'total_links': 390, 'num_tensors': 98}
2026-08-26 08:11:08,378 [INFO]     [0 | both | 0](candidate_pairs: 49/49 | new_swaps: 10 | total: 10) -> {'max_bond': 355, 'max_links': 4, 'total_elems': 947380, 'total_shapes': 3974, 'total_links': 390, 'num_tensors': 98}
2026-08-26 08:11:15,935 [INFO]     [0 | both | 1](candidate_pairs: 48/48 | new_swaps: 14 | total: 24) -> {'max_bond': 351, 'max_links': 4, 'total_elems': 829184, 'total_shapes': 3426, 'total_links': 390, 'num_tensors': 98}
2026-08-26 08:11:18,471 [INFO]     [0 | left | 0](candidate_pairs: 49/49 | new_swaps: 11 | total: 35) -> {'max_bond': 349, 'max_links': 4, 'total_elems': 803484, 'total_shapes': 3092, 'total_links': 390, 'num_tensors': 98}
2026-08-26 08:11:21,525 [INFO]     [0 | left | 1](candidate_pairs: 48/48 | new_swaps: 12 | total: 47) -> {'max_bond': 347, 'max_links': 4, 'total_elems': 797444, 'total_shapes': 2992, 'total_links': 390, 'num_tensors': 98}
2026-08-26 08:11:23,980 [INFO]     [0 | right | 0](candidate_pairs: 49/49 | new_swaps: 10 | total: 57) -> {'max_bond': 345, 'max_links': 4, 'total_elems': 791928, 'total_shapes': 2902, 'total_links': 390, 'num_tensors': 98}
2026-08-26 08:11:26,998 [INFO]     [0 | right | 1](candidate_pairs: 48/48 | new_swaps: 7 | total: 64) -> {'max_bond': 343, 'max_links': 4, 'total_elems': 787140, 'total_shapes': 2848, 'total_links': 390, 'num_tensors': 98}
2026-08-26 08:11:31,871 [INFO]     [1 | both | 0](candidate_pairs: 49/49 | new_swaps: 6 | total: 6) -> {'max_bond': 339, 'max_links': 4, 'total_elems': 775884, 'total_shapes': 2804, 'total_links': 390, 'num_tensors': 98}
2026-08-26 08:11:38,430 [INFO]     [1 | both | 1](candidate_pairs: 48/48 | new_swaps: 7 | total: 13) -> {'max_bond': 335, 'max_links': 4, 'total_elems': 766408, 'total_shapes': 2730, 'total_links': 390, 'num_tensors': 98}
2026-08-26 08:11:40,770 [INFO]     [1 | left | 0](candidate_pairs: 49/49 | new_swaps: 9 | total: 22) -> {'max_bond': 333, 'max_links': 4, 'total_elems': 761648, 'total_shapes': 2658, 'total_links': 390, 'num_tensors': 98}
2026-08-26 08:11:43,896 [INFO]     [1 | left | 1](candidate_pairs: 48/48 | new_swaps: 4 | total: 26) -> {'max_bond': 331, 'max_links': 4, 'total_elems': 757684, 'total_shapes': 2630, 'total_links': 390, 'num_tensors': 98}
2026-08-26 08:11:46,366 [INFO]     [1 | right | 0](candidate_pairs: 49/49 | new_swaps: 1 | total: 27) -> {'max_bond': 329, 'max_links': 4, 'total_elems': 752304, 'total_shapes': 2618, 'total_links': 390, 'num_tensors': 98}
2026-08-26 08:11:49,060 [INFO]     [1 | right | 1](candidate_pairs: 48/48 | new_swaps: 0 | total: 27) -> {'max_bond': 329, 'max_links': 4, 'total_elems': 752304, 'total_shapes': 2618, 'total_links': 390, 'num_tensors': 98}
2026-08-26 08:11:54,129 [INFO]     [2 | both | 0](candidate_pairs: 49/49 | new_swaps: 6 | total: 6) -> {'max_bond': 325, 'max_links': 4, 'total_elems': 741412, 'total_shapes': 2584, 'total_links': 390, 'num_tensors': 98}
2026-08-26 08:12:01,251 [INFO]     [2 | both | 1](candidate_pairs: 48/48 | new_swaps: 4 | total: 10) -> {'max_bond': 322, 'max_links': 4, 'total_elems': 735356, 'total_shapes': 2558, 'total_links': 390, 'num_tensors': 98}
2026-08-26 08:12:03,671 [INFO]     [2 | left | 0](candidate_pairs: 49/49 | new_swaps: 1 | total: 11) -> {'max_bond': 321, 'max_links': 4, 'total_elems': 733428, 'total_shapes': 2550, 'total_links': 390, 'num_tensors': 98}
2026-08-26 08:12:06,855 [INFO]     [2 | left | 1](candidate_pairs: 48/48 | new_swaps: 2 | total: 13) -> {'max_bond': 320, 'max_links': 4, 'total_elems': 731464, 'total_shapes': 2536, 'total_links': 390, 'num_tensors': 98}
2026-08-26 08:12:09,364 [INFO]     [2 | right | 0](candidate_pairs: 49/49 | new_swaps: 1 | total: 14) -> {'max_bond': 319, 'max_links': 4, 'total_elems': 729536, 'total_shapes': 2530, 'total_links': 390, 'num_tensors': 98}
2026-08-26 08:12:12,032 [INFO]     [2 | right | 1](candidate_pairs: 48/48 | new_swaps: 0 | total: 14) -> {'max_bond': 319, 'max_links': 4, 'total_elems': 729536, 'total_shapes': 2530, 'total_links': 390, 'num_tensors': 98}
2026-08-26 08:12:16,450 [INFO]     [3 | both | 0](candidate_pairs: 49/49 | new_swaps: 2 | total: 2) -> {'max_bond': 317, 'max_links': 4, 'total_elems': 725692, 'total_shapes': 2520, 'total_links': 390, 'num_tensors': 98}
2026-08-26 08:12:22,707 [INFO]     [3 | both | 1](candidate_pairs: 48/48 | new_swaps: 2 | total: 4) -> {'max_bond': 315, 'max_links': 4, 'total_elems': 720236, 'total_shapes': 2498, 'total_links': 390, 'num_tensors': 98}
2026-08-26 08:12:24,804 [INFO]     [3 | left | 0](candidate_pairs: 49/49 | new_swaps: 1 | total: 5) -> {'max_bond': 314, 'max_links': 4, 'total_elems': 718336, 'total_shapes': 2492, 'total_links': 390, 'num_tensors': 98}
2026-08-26 08:12:27,197 [INFO]     [3 | left | 1](candidate_pairs: 48/48 | new_swaps: 0 | total: 5) -> {'max_bond': 314, 'max_links': 4, 'total_elems': 718336, 'total_shapes': 2492, 'total_links': 390, 'num_tensors': 98}
2026-08-26 08:12:28,853 [INFO]     [3 | right | 0](candidate_pairs: 49/49 | new_swaps: 0 | total: 5) -> {'max_bond': 314, 'max_links': 4, 'total_elems': 718336, 'total_shapes': 2492, 'total_links': 390, 'num_tensors': 98}
2026-08-26 08:12:31,246 [INFO]     [3 | right | 1](candidate_pairs: 48/48 | new_swaps: 0 | total: 5) -> {'max_bond': 314, 'max_links': 4, 'total_elems': 718336, 'total_shapes': 2492, 'total_links': 390, 'num_tensors': 98}
2026-08-26 08:12:35,449 [INFO]     [4 | both | 0](candidate_pairs: 49/49 | new_swaps: 1 | total: 1) -> {'max_bond': 312, 'max_links': 4, 'total_elems': 713068, 'total_shapes': 2484, 'total_links': 390, 'num_tensors': 98}
2026-08-26 08:12:40,849 [INFO]     [4 | both | 1](candidate_pairs: 48/48 | new_swaps: 0 | total: 1) -> {'max_bond': 312, 'max_links': 4, 'total_elems': 713068, 'total_shapes': 2484, 'total_links': 390, 'num_tensors': 98}
2026-08-26 08:12:42,503 [INFO]     [4 | left | 0](candidate_pairs: 49/49 | new_swaps: 0 | total: 1) -> {'max_bond': 312, 'max_links': 4, 'total_elems': 713068, 'total_shapes': 2484, 'total_links': 390, 'num_tensors': 98}
2026-08-26 08:12:44,883 [INFO]     [4 | left | 1](candidate_pairs: 48/48 | new_swaps: 0 | total: 1) -> {'max_bond': 312, 'max_links': 4, 'total_elems': 713068, 'total_shapes': 2484, 'total_links': 390, 'num_tensors': 98}
2026-08-26 08:12:46,521 [INFO]     [4 | right | 0](candidate_pairs: 49/49 | new_swaps: 0 | total: 1) -> {'max_bond': 312, 'max_links': 4, 'total_elems': 713068, 'total_shapes': 2484, 'total_links': 390, 'num_tensors': 98}
2026-08-26 08:12:48,897 [INFO]     [4 | right | 1](candidate_pairs: 48/48 | new_swaps: 0 | total: 1) -> {'max_bond': 312, 'max_links': 4, 'total_elems': 713068, 'total_shapes': 2484, 'total_links': 390, 'num_tensors': 98}
2026-08-26 08:12:52,271 [INFO]     [5 | both | 0](candidate_pairs: 49/49 | new_swaps: 0 | total: 0) -> {'max_bond': 312, 'max_links': 4, 'total_elems': 713068, 'total_shapes': 2484, 'total_links': 390, 'num_tensors': 98}
2026-08-26 08:12:57,659 [INFO]     [5 | both | 1](candidate_pairs: 48/48 | new_swaps: 0 | total: 0) -> {'max_bond': 312, 'max_links': 4, 'total_elems': 713068, 'total_shapes': 2484, 'total_links': 390, 'num_tensors': 98}
2026-08-26 08:12:59,317 [INFO]     [5 | left | 0](candidate_pairs: 49/49 | new_swaps: 0 | total: 0) -> {'max_bond': 312, 'max_links': 4, 'total_elems': 713068, 'total_shapes': 2484, 'total_links': 390, 'num_tensors': 98}
2026-08-26 08:13:01,699 [INFO]     [5 | left | 1](candidate_pairs: 48/48 | new_swaps: 0 | total: 0) -> {'max_bond': 312, 'max_links': 4, 'total_elems': 713068, 'total_shapes': 2484, 'total_links': 390, 'num_tensors': 98}
2026-08-26 08:13:03,345 [INFO]     [5 | right | 0](candidate_pairs: 49/49 | new_swaps: 0 | total: 0) -> {'max_bond': 312, 'max_links': 4, 'total_elems': 713068, 'total_shapes': 2484, 'total_links': 390, 'num_tensors': 98}
2026-08-26 08:13:05,718 [INFO]     [5 | right | 1](candidate_pairs: 48/48 | new_swaps: 0 | total: 0) -> {'max_bond': 312, 'max_links': 4, 'total_elems': 713068, 'total_shapes': 2484, 'total_links': 390, 'num_tensors': 98}
2026-08-26 08:13:05,719 [INFO]     [end unswap] -> {'max_bond': 312, 'max_links': 4, 'total_elems': 713068, 'total_shapes': 2484, 'total_links': 390, 'num_tensors': 98}
2026-08-26 08:13:05,727 [INFO] [start rewire](phase=post_unswap, cycle=3, side=left, layers=2434, trials=20, seed=123, parallel=False, route_candidates=2, route_score=lookahead_total)
2026-08-26 08:13:22,200 [INFO] [end rewire](phase=post_unswap, cycle=3, side=left, routed_layers=2455, elapsed_s=16.47)
2026-08-26 08:13:22,200 [INFO] [start rewire](phase=post_unswap, cycle=3, side=right, layers=2444, trials=20, seed=123, parallel=False, route_candidates=2, route_score=lookahead_total)
2026-08-26 08:13:56,642 [INFO] [end rewire](phase=post_unswap, cycle=3, side=right, routed_layers=2377, elapsed_s=34.44)
2026-08-26 08:13:57,468 [INFO] [1L/2453](swap: 18, u: 0 | c_u: 0 | t_u_l: 11/992 | t_u_r: 3/992 | t_u: 14/1984) -> {'max_bond': 311, 'max_links': 4, 'total_elems': 711196, 'total_shapes': 2482, 'total_links': 390, 'num_tensors': 98}
2026-08-26 08:13:58,277 [INFO] [1R/2375](swap: 14, u: 0 | c_u: 0 | t_u_l: 11/992 | t_u_r: 3/992 | t_u: 14/1984) -> {'max_bond': 310, 'max_links': 4, 'total_elems': 709664, 'total_shapes': 2556, 'total_links': 390, 'num_tensors': 98}
2026-08-26 08:13:59,088 [INFO] [2L/2453](swap: 22, u: 0 | c_u: 0 | t_u_l: 11/992 | t_u_r: 3/992 | t_u: 14/1984) -> {'max_bond': 309, 'max_links': 4, 'total_elems': 708624, 'total_shapes': 2628, 'total_links': 390, 'num_tensors': 98}
2026-08-26 08:13:59,890 [INFO] [2R/2375](swap: 17, u: 0 | c_u: 0 | t_u_l: 11/992 | t_u_r: 3/992 | t_u: 14/1984) -> {'max_bond': 308, 'max_links': 4, 'total_elems': 707936, 'total_shapes': 2726, 'total_links': 390, 'num_tensors': 98}
2026-08-26 08:14:00,694 [INFO] [3R/2375](swap: 18, u: 0 | c_u: 0 | t_u_l: 11/992 | t_u_r: 3/992 | t_u: 14/1984) -> {'max_bond': 307, 'max_links': 4, 'total_elems': 710936, 'total_shapes': 2946, 'total_links': 390, 'num_tensors': 98}
2026-08-26 08:14:01,501 [INFO] [3L/2453](swap: 25, u: 0 | c_u: 0 | t_u_l: 11/992 | t_u_r: 3/992 | t_u: 14/1984) -> {'max_bond': 306, 'max_links': 4, 'total_elems': 718600, 'total_shapes': 3162, 'total_links': 390, 'num_tensors': 98}
2026-08-26 08:14:02,383 [INFO] [4R/2375](swap: 17, u: 0 | c_u: 0 | t_u_l: 11/992 | t_u_r: 3/992 | t_u: 14/1984) -> {'max_bond': 305, 'max_links': 4, 'total_elems': 749636, 'total_shapes': 3516, 'total_links': 390, 'num_tensors': 98}
2026-08-26 08:14:03,424 [INFO] [4L/2453](swap: 23, u: 0 | c_u: 0 | t_u_l: 11/992 | t_u_r: 3/992 | t_u: 14/1984) -> {'max_bond': 304, 'max_links': 4, 'total_elems': 854224, 'total_shapes': 4214, 'total_links': 390, 'num_tensors': 98}
2026-08-26 08:14:04,522 [INFO] [5L/2453](swap: 21, u: 2 | c_u: 2 | t_u_l: 13/992 | t_u_r: 3/992 | t_u: 16/1984) -> {'max_bond': 303, 'max_links': 4, 'total_elems': 947080, 'total_shapes': 4862, 'total_links': 390, 'num_tensors': 98}
2026-08-26 08:14:05,796 [INFO]     [start unswap] -> {'max_bond': 303, 'max_links': 4, 'total_elems': 947080, 'total_shapes': 4862, 'total_links': 390, 'num_tensors': 98}
2026-08-26 08:14:13,771 [INFO]     [0 | both | 0](candidate_pairs: 49/49 | new_swaps: 8 | total: 8) -> {'max_bond': 301, 'max_links': 4, 'total_elems': 876396, 'total_shapes': 4604, 'total_links': 390, 'num_tensors': 98}
2026-08-26 08:14:21,116 [INFO]     [0 | both | 1](candidate_pairs: 48/48 | new_swaps: 19 | total: 27) -> {'max_bond': 299, 'max_links': 4, 'total_elems': 797180, 'total_shapes': 3578, 'total_links': 390, 'num_tensors': 98}
2026-08-26 08:14:23,725 [INFO]     [0 | left | 0](candidate_pairs: 49/49 | new_swaps: 15 | total: 42) -> {'max_bond': 298, 'max_links': 4, 'total_elems': 783164, 'total_shapes': 3242, 'total_links': 390, 'num_tensors': 98}
2026-08-26 08:14:26,832 [INFO]     [0 | left | 1](candidate_pairs: 48/48 | new_swaps: 17 | total: 59) -> {'max_bond': 297, 'max_links': 4, 'total_elems': 777596, 'total_shapes': 3090, 'total_links': 390, 'num_tensors': 98}
2026-08-26 08:14:29,260 [INFO]     [0 | right | 0](candidate_pairs: 49/49 | new_swaps: 11 | total: 70) -> {'max_bond': 296, 'max_links': 4, 'total_elems': 774304, 'total_shapes': 2990, 'total_links': 390, 'num_tensors': 98}
2026-08-26 08:14:32,349 [INFO]     [0 | right | 1](candidate_pairs: 48/48 | new_swaps: 8 | total: 78) -> {'max_bond': 295, 'max_links': 4, 'total_elems': 771828, 'total_shapes': 2942, 'total_links': 390, 'num_tensors': 98}
2026-08-26 08:14:38,551 [INFO]     [1 | both | 0](candidate_pairs: 49/49 | new_swaps: 9 | total: 9) -> {'max_bond': 293, 'max_links': 4, 'total_elems': 747404, 'total_shapes': 2826, 'total_links': 390, 'num_tensors': 98}
2026-08-26 08:14:45,229 [INFO]     [1 | both | 1](candidate_pairs: 48/48 | new_swaps: 9 | total: 18) -> {'max_bond': 291, 'max_links': 4, 'total_elems': 674364, 'total_shapes': 2644, 'total_links': 390, 'num_tensors': 98}
2026-08-26 08:14:47,078 [INFO]     [1 | left | 0](candidate_pairs: 49/49 | new_swaps: 6 | total: 24) -> {'max_bond': 290, 'max_links': 4, 'total_elems': 666340, 'total_shapes': 2582, 'total_links': 390, 'num_tensors': 98}
2026-08-26 08:14:49,693 [INFO]     [1 | left | 1](candidate_pairs: 48/48 | new_swaps: 5 | total: 29) -> {'max_bond': 289, 'max_links': 4, 'total_elems': 662824, 'total_shapes': 2550, 'total_links': 390, 'num_tensors': 98}
2026-08-26 08:14:51,496 [INFO]     [1 | right | 0](candidate_pairs: 49/49 | new_swaps: 6 | total: 35) -> {'max_bond': 288, 'max_links': 4, 'total_elems': 660712, 'total_shapes': 2518, 'total_links': 390, 'num_tensors': 98}
2026-08-26 08:14:54,096 [INFO]     [1 | right | 1](candidate_pairs: 48/48 | new_swaps: 1 | total: 36) -> {'max_bond': 287, 'max_links': 4, 'total_elems': 658804, 'total_shapes': 2510, 'total_links': 390, 'num_tensors': 98}
2026-08-26 08:14:57,753 [INFO]     [2 | both | 0](candidate_pairs: 49/49 | new_swaps: 5 | total: 5) -> {'max_bond': 285, 'max_links': 4, 'total_elems': 654868, 'total_shapes': 2486, 'total_links': 390, 'num_tensors': 98}
2026-08-26 08:15:03,595 [INFO]     [2 | both | 1](candidate_pairs: 48/48 | new_swaps: 4 | total: 9) -> {'max_bond': 283, 'max_links': 4, 'total_elems': 649376, 'total_shapes': 2460, 'total_links': 390, 'num_tensors': 98}
2026-08-26 08:15:05,353 [INFO]     [2 | left | 0](candidate_pairs: 49/49 | new_swaps: 1 | total: 10) -> {'max_bond': 282, 'max_links': 4, 'total_elems': 647496, 'total_shapes': 2452, 'total_links': 390, 'num_tensors': 98}
2026-08-26 08:15:07,885 [INFO]     [2 | left | 1](candidate_pairs: 48/48 | new_swaps: 2 | total: 12) -> {'max_bond': 281, 'max_links': 4, 'total_elems': 644200, 'total_shapes': 2440, 'total_links': 390, 'num_tensors': 98}
2026-08-26 08:15:09,594 [INFO]     [2 | right | 0](candidate_pairs: 49/49 | new_swaps: 1 | total: 13) -> {'max_bond': 280, 'max_links': 4, 'total_elems': 642324, 'total_shapes': 2432, 'total_links': 390, 'num_tensors': 98}
2026-08-26 08:15:11,768 [INFO]     [2 | right | 1](candidate_pairs: 48/48 | new_swaps: 0 | total: 13) -> {'max_bond': 280, 'max_links': 4, 'total_elems': 642324, 'total_shapes': 2432, 'total_links': 390, 'num_tensors': 98}
2026-08-26 08:15:15,261 [INFO]     [3 | both | 0](candidate_pairs: 49/49 | new_swaps: 1 | total: 1) -> {'max_bond': 278, 'max_links': 4, 'total_elems': 638632, 'total_shapes': 2426, 'total_links': 390, 'num_tensors': 98}
2026-08-26 08:15:21,006 [INFO]     [3 | both | 1](candidate_pairs: 48/48 | new_swaps: 2 | total: 3) -> {'max_bond': 276, 'max_links': 4, 'total_elems': 634928, 'total_shapes': 2418, 'total_links': 390, 'num_tensors': 98}
2026-08-26 08:15:22,342 [INFO]     [3 | left | 0](candidate_pairs: 49/49 | new_swaps: 0 | total: 3) -> {'max_bond': 276, 'max_links': 4, 'total_elems': 634928, 'total_shapes': 2418, 'total_links': 390, 'num_tensors': 98}
2026-08-26 08:15:24,508 [INFO]     [3 | left | 1](candidate_pairs: 48/48 | new_swaps: 0 | total: 3) -> {'max_bond': 276, 'max_links': 4, 'total_elems': 634928, 'total_shapes': 2418, 'total_links': 390, 'num_tensors': 98}
2026-08-26 08:15:25,834 [INFO]     [3 | right | 0](candidate_pairs: 49/49 | new_swaps: 0 | total: 3) -> {'max_bond': 276, 'max_links': 4, 'total_elems': 634928, 'total_shapes': 2418, 'total_links': 390, 'num_tensors': 98}
2026-08-26 08:15:27,998 [INFO]     [3 | right | 1](candidate_pairs: 48/48 | new_swaps: 0 | total: 3) -> {'max_bond': 276, 'max_links': 4, 'total_elems': 634928, 'total_shapes': 2418, 'total_links': 390, 'num_tensors': 98}
2026-08-26 08:15:31,423 [INFO]     [4 | both | 0](candidate_pairs: 49/49 | new_swaps: 2 | total: 2) -> {'max_bond': 274, 'max_links': 4, 'total_elems': 631224, 'total_shapes': 2410, 'total_links': 390, 'num_tensors': 98}
2026-08-26 08:15:37,147 [INFO]     [4 | both | 1](candidate_pairs: 48/48 | new_swaps: 2 | total: 4) -> {'max_bond': 272, 'max_links': 4, 'total_elems': 627520, 'total_shapes': 2402, 'total_links': 390, 'num_tensors': 98}
2026-08-26 08:15:38,460 [INFO]     [4 | left | 0](candidate_pairs: 49/49 | new_swaps: 0 | total: 4) -> {'max_bond': 272, 'max_links': 4, 'total_elems': 627520, 'total_shapes': 2402, 'total_links': 390, 'num_tensors': 98}
2026-08-26 08:15:40,623 [INFO]     [4 | left | 1](candidate_pairs: 48/48 | new_swaps: 0 | total: 4) -> {'max_bond': 272, 'max_links': 4, 'total_elems': 627520, 'total_shapes': 2402, 'total_links': 390, 'num_tensors': 98}
2026-08-26 08:15:41,925 [INFO]     [4 | right | 0](candidate_pairs: 49/49 | new_swaps: 0 | total: 4) -> {'max_bond': 272, 'max_links': 4, 'total_elems': 627520, 'total_shapes': 2402, 'total_links': 390, 'num_tensors': 98}
2026-08-26 08:15:44,082 [INFO]     [4 | right | 1](candidate_pairs: 48/48 | new_swaps: 0 | total: 4) -> {'max_bond': 272, 'max_links': 4, 'total_elems': 627520, 'total_shapes': 2402, 'total_links': 390, 'num_tensors': 98}
2026-08-26 08:15:47,435 [INFO]     [5 | both | 0](candidate_pairs: 49/49 | new_swaps: 2 | total: 2) -> {'max_bond': 270, 'max_links': 4, 'total_elems': 622480, 'total_shapes': 2392, 'total_links': 390, 'num_tensors': 98}
2026-08-26 08:15:53,118 [INFO]     [5 | both | 1](candidate_pairs: 48/48 | new_swaps: 2 | total: 4) -> {'max_bond': 268, 'max_links': 4, 'total_elems': 618784, 'total_shapes': 2384, 'total_links': 390, 'num_tensors': 98}
2026-08-26 08:15:54,392 [INFO]     [5 | left | 0](candidate_pairs: 49/49 | new_swaps: 0 | total: 4) -> {'max_bond': 268, 'max_links': 4, 'total_elems': 618784, 'total_shapes': 2384, 'total_links': 390, 'num_tensors': 98}
2026-08-26 08:15:56,529 [INFO]     [5 | left | 1](candidate_pairs: 48/48 | new_swaps: 0 | total: 4) -> {'max_bond': 268, 'max_links': 4, 'total_elems': 618784, 'total_shapes': 2384, 'total_links': 390, 'num_tensors': 98}
2026-08-26 08:15:57,794 [INFO]     [5 | right | 0](candidate_pairs: 49/49 | new_swaps: 0 | total: 4) -> {'max_bond': 268, 'max_links': 4, 'total_elems': 618784, 'total_shapes': 2384, 'total_links': 390, 'num_tensors': 98}
2026-08-26 08:15:59,932 [INFO]     [5 | right | 1](candidate_pairs: 48/48 | new_swaps: 0 | total: 4) -> {'max_bond': 268, 'max_links': 4, 'total_elems': 618784, 'total_shapes': 2384, 'total_links': 390, 'num_tensors': 98}
2026-08-26 08:16:02,552 [INFO]     [6 | both | 0](candidate_pairs: 49/49 | new_swaps: 0 | total: 0) -> {'max_bond': 268, 'max_links': 4, 'total_elems': 618784, 'total_shapes': 2384, 'total_links': 390, 'num_tensors': 98}
2026-08-26 08:16:07,596 [INFO]     [6 | both | 1](candidate_pairs: 48/48 | new_swaps: 0 | total: 0) -> {'max_bond': 268, 'max_links': 4, 'total_elems': 618784, 'total_shapes': 2384, 'total_links': 390, 'num_tensors': 98}
2026-08-26 08:16:08,870 [INFO]     [6 | left | 0](candidate_pairs: 49/49 | new_swaps: 0 | total: 0) -> {'max_bond': 268, 'max_links': 4, 'total_elems': 618784, 'total_shapes': 2384, 'total_links': 390, 'num_tensors': 98}
2026-08-26 08:16:11,013 [INFO]     [6 | left | 1](candidate_pairs: 48/48 | new_swaps: 0 | total: 0) -> {'max_bond': 268, 'max_links': 4, 'total_elems': 618784, 'total_shapes': 2384, 'total_links': 390, 'num_tensors': 98}
2026-08-26 08:16:12,282 [INFO]     [6 | right | 0](candidate_pairs: 49/49 | new_swaps: 0 | total: 0) -> {'max_bond': 268, 'max_links': 4, 'total_elems': 618784, 'total_shapes': 2384, 'total_links': 390, 'num_tensors': 98}
2026-08-26 08:16:14,416 [INFO]     [6 | right | 1](candidate_pairs: 48/48 | new_swaps: 0 | total: 0) -> {'max_bond': 268, 'max_links': 4, 'total_elems': 618784, 'total_shapes': 2384, 'total_links': 390, 'num_tensors': 98}
2026-08-26 08:16:14,417 [INFO]     [end unswap] -> {'max_bond': 268, 'max_links': 4, 'total_elems': 618784, 'total_shapes': 2384, 'total_links': 390, 'num_tensors': 98}
2026-08-26 08:16:14,427 [INFO] [start rewire](phase=post_unswap, cycle=4, side=left, layers=2450, trials=20, seed=123, parallel=False, route_candidates=2, route_score=lookahead_total)
2026-08-26 08:16:39,069 [INFO] [end rewire](phase=post_unswap, cycle=4, side=left, routed_layers=2253, elapsed_s=24.64)
2026-08-26 08:16:39,069 [INFO] [start rewire](phase=post_unswap, cycle=4, side=right, layers=2373, trials=20, seed=123, parallel=False, route_candidates=2, route_score=lookahead_total)
2026-08-26 08:16:59,623 [INFO] [end rewire](phase=post_unswap, cycle=4, side=right, routed_layers=2171, elapsed_s=20.55)
2026-08-26 08:17:00,345 [INFO] [1L/2251](swap: 20, u: 0 | c_u: 0 | t_u_l: 13/992 | t_u_r: 3/992 | t_u: 16/1984) -> {'max_bond': 267, 'max_links': 4, 'total_elems': 616948, 'total_shapes': 2382, 'total_links': 390, 'num_tensors': 98}
2026-08-26 08:17:01,062 [INFO] [1R/2169](swap: 16, u: 0 | c_u: 0 | t_u_l: 13/992 | t_u_r: 3/992 | t_u: 16/1984) -> {'max_bond': 266, 'max_links': 4, 'total_elems': 614180, 'total_shapes': 2460, 'total_links': 390, 'num_tensors': 98}
2026-08-26 08:17:01,723 [INFO] [2R/2169](swap: 14, u: 0 | c_u: 0 | t_u_l: 13/992 | t_u_r: 3/992 | t_u: 16/1984) -> {'max_bond': 265, 'max_links': 4, 'total_elems': 613168, 'total_shapes': 2528, 'total_links': 390, 'num_tensors': 98}
2026-08-26 08:17:02,381 [INFO] [2L/2251](swap: 21, u: 0 | c_u: 0 | t_u_l: 13/992 | t_u_r: 3/992 | t_u: 16/1984) -> {'max_bond': 264, 'max_links': 4, 'total_elems': 611012, 'total_shapes': 2612, 'total_links': 390, 'num_tensors': 98}
2026-08-26 08:17:03,038 [INFO] [3R/2169](swap: 14, u: 0 | c_u: 0 | t_u_l: 13/992 | t_u_r: 3/992 | t_u: 16/1984) -> {'max_bond': 263, 'max_links': 4, 'total_elems': 611996, 'total_shapes': 2756, 'total_links': 390, 'num_tensors': 98}
2026-08-26 08:17:03,699 [INFO] [4R/2169](swap: 13, u: 0 | c_u: 0 | t_u_l: 13/992 | t_u_r: 3/992 | t_u: 16/1984) -> {'max_bond': 262, 'max_links': 4, 'total_elems': 617000, 'total_shapes': 2950, 'total_links': 390, 'num_tensors': 98}
2026-08-26 08:17:04,358 [INFO] [3L/2251](swap: 23, u: 0 | c_u: 0 | t_u_l: 13/992 | t_u_r: 3/992 | t_u: 16/1984) -> {'max_bond': 261, 'max_links': 4, 'total_elems': 630996, 'total_shapes': 3220, 'total_links': 390, 'num_tensors': 98}
2026-08-26 08:17:05,095 [INFO] [5R/2169](swap: 14, u: 0 | c_u: 0 | t_u_l: 13/992 | t_u_r: 3/992 | t_u: 16/1984) -> {'max_bond': 260, 'max_links': 4, 'total_elems': 673568, 'total_shapes': 3674, 'total_links': 390, 'num_tensors': 98}
2026-08-26 08:17:05,983 [INFO] [4L/2251](swap: 21, u: 0 | c_u: 0 | t_u_l: 13/992 | t_u_r: 3/992 | t_u: 16/1984) -> {'max_bond': 259, 'max_links': 4, 'total_elems': 809660, 'total_shapes': 4378, 'total_links': 390, 'num_tensors': 98}
2026-08-26 08:17:07,014 [INFO]     [start unswap] -> {'max_bond': 259, 'max_links': 4, 'total_elems': 809660, 'total_shapes': 4378, 'total_links': 390, 'num_tensors': 98}
2026-08-26 08:17:13,455 [INFO]     [0 | both | 0](candidate_pairs: 49/49 | new_swaps: 6 | total: 6) -> {'max_bond': 257, 'max_links': 4, 'total_elems': 808660, 'total_shapes': 4578, 'total_links': 390, 'num_tensors': 98}
2026-08-26 08:17:20,330 [INFO]     [0 | both | 1](candidate_pairs: 48/48 | new_swaps: 12 | total: 18) -> {'max_bond': 255, 'max_links': 4, 'total_elems': 716148, 'total_shapes': 3780, 'total_links': 390, 'num_tensors': 98}
2026-08-26 08:17:22,497 [INFO]     [0 | left | 0](candidate_pairs: 49/49 | new_swaps: 17 | total: 35) -> {'max_bond': 254, 'max_links': 4, 'total_elems': 680328, 'total_shapes': 3410, 'total_links': 390, 'num_tensors': 98}
2026-08-26 08:17:25,414 [INFO]     [0 | left | 1](candidate_pairs: 48/48 | new_swaps: 23 | total: 58) -> {'max_bond': 253, 'max_links': 4, 'total_elems': 599100, 'total_shapes': 2952, 'total_links': 390, 'num_tensors': 98}
2026-08-26 08:17:26,904 [INFO]     [0 | right | 0](candidate_pairs: 49/49 | new_swaps: 9 | total: 67) -> {'max_bond': 252, 'max_links': 4, 'total_elems': 595464, 'total_shapes': 2842, 'total_links': 390, 'num_tensors': 98}
2026-08-26 08:17:29,248 [INFO]     [0 | right | 1](candidate_pairs: 48/48 | new_swaps: 10 | total: 77) -> {'max_bond': 251, 'max_links': 4, 'total_elems': 590620, 'total_shapes': 2756, 'total_links': 390, 'num_tensors': 98}
2026-08-26 08:17:32,256 [INFO]     [1 | both | 0](candidate_pairs: 49/49 | new_swaps: 15 | total: 15) -> {'max_bond': 249, 'max_links': 4, 'total_elems': 583360, 'total_shapes': 2602, 'total_links': 390, 'num_tensors': 98}
2026-08-26 08:17:37,946 [INFO]     [1 | both | 1](candidate_pairs: 48/48 | new_swaps: 6 | total: 21) -> {'max_bond': 247, 'max_links': 4, 'total_elems': 576520, 'total_shapes': 2538, 'total_links': 390, 'num_tensors': 98}
2026-08-26 08:17:39,388 [INFO]     [1 | left | 0](candidate_pairs: 49/49 | new_swaps: 9 | total: 30) -> {'max_bond': 246, 'max_links': 4, 'total_elems': 568492, 'total_shapes': 2452, 'total_links': 390, 'num_tensors': 98}
2026-08-26 08:17:41,703 [INFO]     [1 | left | 1](candidate_pairs: 48/48 | new_swaps: 10 | total: 40) -> {'max_bond': 245, 'max_links': 4, 'total_elems': 566240, 'total_shapes': 2398, 'total_links': 390, 'num_tensors': 98}
2026-08-26 08:17:43,101 [INFO]     [1 | right | 0](candidate_pairs: 49/49 | new_swaps: 4 | total: 44) -> {'max_bond': 244, 'max_links': 4, 'total_elems': 564308, 'total_shapes': 2372, 'total_links': 390, 'num_tensors': 98}
2026-08-26 08:17:45,408 [INFO]     [1 | right | 1](candidate_pairs: 48/48 | new_swaps: 1 | total: 45) -> {'max_bond': 243, 'max_links': 4, 'total_elems': 561232, 'total_shapes': 2364, 'total_links': 390, 'num_tensors': 98}
2026-08-26 08:17:48,255 [INFO]     [2 | both | 0](candidate_pairs: 49/49 | new_swaps: 8 | total: 8) -> {'max_bond': 241, 'max_links': 4, 'total_elems': 556200, 'total_shapes': 2336, 'total_links': 390, 'num_tensors': 98}
2026-08-26 08:17:53,508 [INFO]     [2 | both | 1](candidate_pairs: 48/48 | new_swaps: 2 | total: 10) -> {'max_bond': 239, 'max_links': 4, 'total_elems': 552316, 'total_shapes': 2322, 'total_links': 390, 'num_tensors': 98}
2026-08-26 08:17:54,855 [INFO]     [2 | left | 0](candidate_pairs: 49/49 | new_swaps: 1 | total: 11) -> {'max_bond': 238, 'max_links': 4, 'total_elems': 549280, 'total_shapes': 2312, 'total_links': 390, 'num_tensors': 98}
2026-08-26 08:17:57,058 [INFO]     [2 | left | 1](candidate_pairs: 48/48 | new_swaps: 1 | total: 12) -> {'max_bond': 237, 'max_links': 4, 'total_elems': 546252, 'total_shapes': 2302, 'total_links': 390, 'num_tensors': 98}
2026-08-26 08:17:58,103 [INFO]     [2 | right | 0](candidate_pairs: 49/49 | new_swaps: 0 | total: 12) -> {'max_bond': 237, 'max_links': 4, 'total_elems': 546252, 'total_shapes': 2302, 'total_links': 390, 'num_tensors': 98}
2026-08-26 08:18:00,018 [INFO]     [2 | right | 1](candidate_pairs: 48/48 | new_swaps: 0 | total: 12) -> {'max_bond': 237, 'max_links': 4, 'total_elems': 546252, 'total_shapes': 2302, 'total_links': 390, 'num_tensors': 98}
2026-08-26 08:18:02,735 [INFO]     [3 | both | 0](candidate_pairs: 49/49 | new_swaps: 1 | total: 1) -> {'max_bond': 235, 'max_links': 4, 'total_elems': 541476, 'total_shapes': 2294, 'total_links': 390, 'num_tensors': 98}
2026-08-26 08:18:07,914 [INFO]     [3 | both | 1](candidate_pairs: 48/48 | new_swaps: 1 | total: 2) -> {'max_bond': 233, 'max_links': 4, 'total_elems': 535528, 'total_shapes': 2284, 'total_links': 390, 'num_tensors': 98}
2026-08-26 08:18:08,935 [INFO]     [3 | left | 0](candidate_pairs: 49/49 | new_swaps: 0 | total: 2) -> {'max_bond': 233, 'max_links': 4, 'total_elems': 535528, 'total_shapes': 2284, 'total_links': 390, 'num_tensors': 98}
2026-08-26 08:18:10,815 [INFO]     [3 | left | 1](candidate_pairs: 48/48 | new_swaps: 0 | total: 2) -> {'max_bond': 233, 'max_links': 4, 'total_elems': 535528, 'total_shapes': 2284, 'total_links': 390, 'num_tensors': 98}
2026-08-26 08:18:11,827 [INFO]     [3 | right | 0](candidate_pairs: 49/49 | new_swaps: 0 | total: 2) -> {'max_bond': 233, 'max_links': 4, 'total_elems': 535528, 'total_shapes': 2284, 'total_links': 390, 'num_tensors': 98}
2026-08-26 08:18:13,702 [INFO]     [3 | right | 1](candidate_pairs: 48/48 | new_swaps: 0 | total: 2) -> {'max_bond': 233, 'max_links': 4, 'total_elems': 535528, 'total_shapes': 2284, 'total_links': 390, 'num_tensors': 98}
2026-08-26 08:18:15,818 [INFO]     [4 | both | 0](candidate_pairs: 49/49 | new_swaps: 0 | total: 0) -> {'max_bond': 233, 'max_links': 4, 'total_elems': 535528, 'total_shapes': 2284, 'total_links': 390, 'num_tensors': 98}
2026-08-26 08:18:20,388 [INFO]     [4 | both | 1](candidate_pairs: 48/48 | new_swaps: 0 | total: 0) -> {'max_bond': 233, 'max_links': 4, 'total_elems': 535528, 'total_shapes': 2284, 'total_links': 390, 'num_tensors': 98}
2026-08-26 08:18:21,403 [INFO]     [4 | left | 0](candidate_pairs: 49/49 | new_swaps: 0 | total: 0) -> {'max_bond': 233, 'max_links': 4, 'total_elems': 535528, 'total_shapes': 2284, 'total_links': 390, 'num_tensors': 98}
2026-08-26 08:18:23,279 [INFO]     [4 | left | 1](candidate_pairs: 48/48 | new_swaps: 0 | total: 0) -> {'max_bond': 233, 'max_links': 4, 'total_elems': 535528, 'total_shapes': 2284, 'total_links': 390, 'num_tensors': 98}
2026-08-26 08:18:24,290 [INFO]     [4 | right | 0](candidate_pairs: 49/49 | new_swaps: 0 | total: 0) -> {'max_bond': 233, 'max_links': 4, 'total_elems': 535528, 'total_shapes': 2284, 'total_links': 390, 'num_tensors': 98}
2026-08-26 08:18:26,169 [INFO]     [4 | right | 1](candidate_pairs: 48/48 | new_swaps: 0 | total: 0) -> {'max_bond': 233, 'max_links': 4, 'total_elems': 535528, 'total_shapes': 2284, 'total_links': 390, 'num_tensors': 98}
2026-08-26 08:18:26,170 [INFO]     [end unswap] -> {'max_bond': 233, 'max_links': 4, 'total_elems': 535528, 'total_shapes': 2284, 'total_links': 390, 'num_tensors': 98}
2026-08-26 08:18:26,182 [INFO] [start rewire](phase=post_unswap, cycle=5, side=left, layers=2249, trials=20, seed=123, parallel=False, route_candidates=2, route_score=lookahead_total)
2026-08-26 08:18:36,991 [INFO] [end rewire](phase=post_unswap, cycle=5, side=left, routed_layers=2407, elapsed_s=10.81)
2026-08-26 08:18:36,991 [INFO] [start rewire](phase=post_unswap, cycle=5, side=right, layers=2166, trials=20, seed=123, parallel=False, route_candidates=2, route_score=lookahead_total)
2026-08-26 08:18:55,720 [INFO] [end rewire](phase=post_unswap, cycle=5, side=right, routed_layers=2376, elapsed_s=18.73)
2026-08-26 08:18:56,281 [INFO] [1L/2405](swap: 21, u: 0 | c_u: 0 | t_u_l: 13/992 | t_u_r: 3/992 | t_u: 16/1984) -> {'max_bond': 232, 'max_links': 4, 'total_elems': 532572, 'total_shapes': 2280, 'total_links': 390, 'num_tensors': 98}
2026-08-26 08:18:56,835 [INFO] [1R/2374](swap: 19, u: 0 | c_u: 0 | t_u_l: 13/992 | t_u_r: 3/992 | t_u: 16/1984) -> {'max_bond': 232, 'max_links': 4, 'total_elems': 533100, 'total_shapes': 2388, 'total_links': 390, 'num_tensors': 98}
2026-08-26 08:18:57,390 [INFO] [2L/2405](swap: 22, u: 0 | c_u: 0 | t_u_l: 13/992 | t_u_r: 3/992 | t_u: 16/1984) -> {'max_bond': 232, 'max_links': 4, 'total_elems': 534088, 'total_shapes': 2474, 'total_links': 390, 'num_tensors': 98}
2026-08-26 08:18:57,937 [INFO] [2R/2374](swap: 15, u: 0 | c_u: 0 | t_u_l: 13/992 | t_u_r: 3/992 | t_u: 16/1984) -> {'max_bond': 232, 'max_links': 4, 'total_elems': 535704, 'total_shapes': 2588, 'total_links': 390, 'num_tensors': 98}
2026-08-26 08:18:58,487 [INFO] [3R/2374](swap: 14, u: 1 | c_u: 1 | t_u_l: 13/992 | t_u_r: 4/992 | t_u: 17/1984) -> {'max_bond': 232, 'max_links': 4, 'total_elems': 539180, 'total_shapes': 2746, 'total_links': 390, 'num_tensors': 98}
2026-08-26 08:18:59,038 [INFO] [3L/2405](swap: 25, u: 0 | c_u: 1 | t_u_l: 13/992 | t_u_r: 4/992 | t_u: 17/1984) -> {'max_bond': 232, 'max_links': 4, 'total_elems': 549972, 'total_shapes': 2958, 'total_links': 390, 'num_tensors': 98}
2026-08-26 08:18:59,668 [INFO] [4R/2374](swap: 14, u: 0 | c_u: 1 | t_u_l: 13/992 | t_u_r: 4/992 | t_u: 17/1984) -> {'max_bond': 232, 'max_links': 4, 'total_elems': 573928, 'total_shapes': 3318, 'total_links': 390, 'num_tensors': 98}
2026-08-26 08:19:00,342 [INFO] [5R/2374](swap: 12, u: 0 | c_u: 1 | t_u_l: 13/992 | t_u_r: 4/992 | t_u: 17/1984) -> {'max_bond': 232, 'max_links': 4, 'total_elems': 612108, 'total_shapes': 3672, 'total_links': 390, 'num_tensors': 98}
2026-08-26 08:19:01,146 [INFO] [4L/2405](swap: 20, u: 1 | c_u: 2 | t_u_l: 14/992 | t_u_r: 4/992 | t_u: 18/1984) -> {'max_bond': 232, 'max_links': 4, 'total_elems': 743316, 'total_shapes': 4390, 'total_links': 390, 'num_tensors': 98}
2026-08-26 08:19:02,044 [INFO] [5L/2405](swap: 19, u: 1 | c_u: 3 | t_u_l: 15/992 | t_u_r: 4/992 | t_u: 19/1984) -> {'max_bond': 256, 'max_links': 4, 'total_elems': 944560, 'total_shapes': 5324, 'total_links': 390, 'num_tensors': 98}
2026-08-26 08:19:03,474 [INFO]     [start unswap] -> {'max_bond': 256, 'max_links': 4, 'total_elems': 944560, 'total_shapes': 5324, 'total_links': 390, 'num_tensors': 98}
2026-08-26 08:19:14,748 [INFO]     [0 | both | 0](candidate_pairs: 49/49 | new_swaps: 8 | total: 8) -> {'max_bond': 256, 'max_links': 4, 'total_elems': 883316, 'total_shapes': 5348, 'total_links': 390, 'num_tensors': 98}
2026-08-26 08:19:20,994 [INFO]     [0 | both | 1](candidate_pairs: 48/48 | new_swaps: 21 | total: 29) -> {'max_bond': 232, 'max_links': 4, 'total_elems': 693208, 'total_shapes': 3970, 'total_links': 390, 'num_tensors': 98}
2026-08-26 08:19:22,897 [INFO]     [0 | left | 0](candidate_pairs: 49/49 | new_swaps: 16 | total: 45) -> {'max_bond': 232, 'max_links': 4, 'total_elems': 671964, 'total_shapes': 3640, 'total_links': 390, 'num_tensors': 98}
2026-08-26 08:19:25,826 [INFO]     [0 | left | 1](candidate_pairs: 48/48 | new_swaps: 17 | total: 62) -> {'max_bond': 232, 'max_links': 4, 'total_elems': 573592, 'total_shapes': 3216, 'total_links': 390, 'num_tensors': 98}
2026-08-26 08:19:27,166 [INFO]     [0 | right | 0](candidate_pairs: 49/49 | new_swaps: 17 | total: 79) -> {'max_bond': 232, 'max_links': 4, 'total_elems': 552480, 'total_shapes': 2894, 'total_links': 390, 'num_tensors': 98}
2026-08-26 08:19:29,350 [INFO]     [0 | right | 1](candidate_pairs: 48/48 | new_swaps: 13 | total: 92) -> {'max_bond': 232, 'max_links': 4, 'total_elems': 546700, 'total_shapes': 2756, 'total_links': 390, 'num_tensors': 98}
2026-08-26 08:19:32,029 [INFO]     [1 | both | 0](candidate_pairs: 49/49 | new_swaps: 12 | total: 12) -> {'max_bond': 232, 'max_links': 4, 'total_elems': 542044, 'total_shapes': 2616, 'total_links': 390, 'num_tensors': 98}
2026-08-26 08:19:37,417 [INFO]     [1 | both | 1](candidate_pairs: 48/48 | new_swaps: 9 | total: 21) -> {'max_bond': 232, 'max_links': 4, 'total_elems': 540256, 'total_shapes': 2558, 'total_links': 390, 'num_tensors': 98}
2026-08-26 08:19:38,731 [INFO]     [1 | left | 0](candidate_pairs: 49/49 | new_swaps: 10 | total: 31) -> {'max_bond': 232, 'max_links': 4, 'total_elems': 534692, 'total_shapes': 2454, 'total_links': 390, 'num_tensors': 98}
2026-08-26 08:19:40,893 [INFO]     [1 | left | 1](candidate_pairs: 48/48 | new_swaps: 9 | total: 40) -> {'max_bond': 232, 'max_links': 4, 'total_elems': 534004, 'total_shapes': 2396, 'total_links': 390, 'num_tensors': 98}
2026-08-26 08:19:42,174 [INFO]     [1 | right | 0](candidate_pairs: 49/49 | new_swaps: 5 | total: 45) -> {'max_bond': 232, 'max_links': 4, 'total_elems': 533712, 'total_shapes': 2364, 'total_links': 390, 'num_tensors': 98}
2026-08-26 08:19:44,325 [INFO]     [1 | right | 1](candidate_pairs: 48/48 | new_swaps: 1 | total: 46) -> {'max_bond': 232, 'max_links': 4, 'total_elems': 533424, 'total_shapes': 2356, 'total_links': 390, 'num_tensors': 98}
2026-08-26 08:19:46,982 [INFO]     [2 | both | 0](candidate_pairs: 49/49 | new_swaps: 5 | total: 5) -> {'max_bond': 232, 'max_links': 4, 'total_elems': 533292, 'total_shapes': 2342, 'total_links': 390, 'num_tensors': 98}
2026-08-26 08:19:52,097 [INFO]     [2 | both | 1](candidate_pairs: 48/48 | new_swaps: 3 | total: 8) -> {'max_bond': 232, 'max_links': 4, 'total_elems': 533180, 'total_shapes': 2330, 'total_links': 390, 'num_tensors': 98}
2026-08-26 08:19:53,388 [INFO]     [2 | left | 0](candidate_pairs: 49/49 | new_swaps: 1 | total: 9) -> {'max_bond': 232, 'max_links': 4, 'total_elems': 533144, 'total_shapes': 2324, 'total_links': 390, 'num_tensors': 98}
2026-08-26 08:19:55,541 [INFO]     [2 | left | 1](candidate_pairs: 48/48 | new_swaps: 2 | total: 11) -> {'max_bond': 232, 'max_links': 4, 'total_elems': 533088, 'total_shapes': 2316, 'total_links': 390, 'num_tensors': 98}
2026-08-26 08:19:56,545 [INFO]     [2 | right | 0](candidate_pairs: 49/49 | new_swaps: 0 | total: 11) -> {'max_bond': 232, 'max_links': 4, 'total_elems': 533088, 'total_shapes': 2316, 'total_links': 390, 'num_tensors': 98}
2026-08-26 08:19:58,420 [INFO]     [2 | right | 1](candidate_pairs: 48/48 | new_swaps: 0 | total: 11) -> {'max_bond': 232, 'max_links': 4, 'total_elems': 533088, 'total_shapes': 2316, 'total_links': 390, 'num_tensors': 98}
2026-08-26 08:20:01,053 [INFO]     [3 | both | 0](candidate_pairs: 49/49 | new_swaps: 2 | total: 2) -> {'max_bond': 232, 'max_links': 4, 'total_elems': 533064, 'total_shapes': 2312, 'total_links': 390, 'num_tensors': 98}
2026-08-26 08:20:05,627 [INFO]     [3 | both | 1](candidate_pairs: 48/48 | new_swaps: 0 | total: 2) -> {'max_bond': 232, 'max_links': 4, 'total_elems': 533064, 'total_shapes': 2312, 'total_links': 390, 'num_tensors': 98}
2026-08-26 08:20:06,645 [INFO]     [3 | left | 0](candidate_pairs: 49/49 | new_swaps: 0 | total: 2) -> {'max_bond': 232, 'max_links': 4, 'total_elems': 533064, 'total_shapes': 2312, 'total_links': 390, 'num_tensors': 98}
2026-08-26 08:20:08,529 [INFO]     [3 | left | 1](candidate_pairs: 48/48 | new_swaps: 0 | total: 2) -> {'max_bond': 232, 'max_links': 4, 'total_elems': 533064, 'total_shapes': 2312, 'total_links': 390, 'num_tensors': 98}
2026-08-26 08:20:09,535 [INFO]     [3 | right | 0](candidate_pairs: 49/49 | new_swaps: 0 | total: 2) -> {'max_bond': 232, 'max_links': 4, 'total_elems': 533064, 'total_shapes': 2312, 'total_links': 390, 'num_tensors': 98}
2026-08-26 08:20:11,422 [INFO]     [3 | right | 1](candidate_pairs: 48/48 | new_swaps: 0 | total: 2) -> {'max_bond': 232, 'max_links': 4, 'total_elems': 533064, 'total_shapes': 2312, 'total_links': 390, 'num_tensors': 98}
2026-08-26 08:20:13,531 [INFO]     [4 | both | 0](candidate_pairs: 49/49 | new_swaps: 0 | total: 0) -> {'max_bond': 232, 'max_links': 4, 'total_elems': 533064, 'total_shapes': 2312, 'total_links': 390, 'num_tensors': 98}
2026-08-26 08:20:18,108 [INFO]     [4 | both | 1](candidate_pairs: 48/48 | new_swaps: 0 | total: 0) -> {'max_bond': 232, 'max_links': 4, 'total_elems': 533064, 'total_shapes': 2312, 'total_links': 390, 'num_tensors': 98}
2026-08-26 08:20:19,126 [INFO]     [4 | left | 0](candidate_pairs: 49/49 | new_swaps: 0 | total: 0) -> {'max_bond': 232, 'max_links': 4, 'total_elems': 533064, 'total_shapes': 2312, 'total_links': 390, 'num_tensors': 98}
2026-08-26 08:20:21,013 [INFO]     [4 | left | 1](candidate_pairs: 48/48 | new_swaps: 0 | total: 0) -> {'max_bond': 232, 'max_links': 4, 'total_elems': 533064, 'total_shapes': 2312, 'total_links': 390, 'num_tensors': 98}
2026-08-26 08:20:22,018 [INFO]     [4 | right | 0](candidate_pairs: 49/49 | new_swaps: 0 | total: 0) -> {'max_bond': 232, 'max_links': 4, 'total_elems': 533064, 'total_shapes': 2312, 'total_links': 390, 'num_tensors': 98}
2026-08-26 08:20:23,902 [INFO]     [4 | right | 1](candidate_pairs: 48/48 | new_swaps: 0 | total: 0) -> {'max_bond': 232, 'max_links': 4, 'total_elems': 533064, 'total_shapes': 2312, 'total_links': 390, 'num_tensors': 98}
2026-08-26 08:20:23,903 [INFO]     [end unswap] -> {'max_bond': 232, 'max_links': 4, 'total_elems': 533064, 'total_shapes': 2312, 'total_links': 390, 'num_tensors': 98}
2026-08-26 08:20:23,917 [INFO] [start rewire](phase=post_unswap, cycle=6, side=left, layers=2402, trials=20, seed=123, parallel=False, route_candidates=2, route_score=lookahead_total)
2026-08-26 08:20:34,133 [INFO] [end rewire](phase=post_unswap, cycle=6, side=left, routed_layers=2545, elapsed_s=10.22)
2026-08-26 08:20:34,133 [INFO] [start rewire](phase=post_unswap, cycle=6, side=right, layers=2371, trials=20, seed=123, parallel=False, route_candidates=2, route_score=lookahead_total)
2026-08-26 08:21:03,695 [INFO] [end rewire](phase=post_unswap, cycle=6, side=right, routed_layers=2297, elapsed_s=29.56)
2026-08-26 08:21:04,277 [INFO] [1L/2543](swap: 19, u: 0 | c_u: 0 | t_u_l: 15/992 | t_u_r: 4/992 | t_u: 19/1984) -> {'max_bond': 232, 'max_links': 4, 'total_elems': 533064, 'total_shapes': 2312, 'total_links': 390, 'num_tensors': 98}
2026-08-26 08:21:04,826 [INFO] [1R/2295](swap: 15, u: 0 | c_u: 0 | t_u_l: 15/992 | t_u_r: 4/992 | t_u: 19/1984) -> {'max_bond': 232, 'max_links': 4, 'total_elems': 534360, 'total_shapes': 2424, 'total_links': 390, 'num_tensors': 98}
2026-08-26 08:21:05,396 [INFO] [2L/2543](swap: 19, u: 0 | c_u: 0 | t_u_l: 15/992 | t_u_r: 4/992 | t_u: 19/1984) -> {'max_bond': 232, 'max_links': 4, 'total_elems': 540360, 'total_shapes': 2540, 'total_links': 390, 'num_tensors': 98}
2026-08-26 08:21:05,964 [INFO] [3L/2543](swap: 20, u: 0 | c_u: 0 | t_u_l: 15/992 | t_u_r: 4/992 | t_u: 19/1984) -> {'max_bond': 232, 'max_links': 4, 'total_elems': 541872, 'total_shapes': 2654, 'total_links': 390, 'num_tensors': 98}
2026-08-26 08:21:06,533 [INFO] [4L/2543](swap: 21, u: 0 | c_u: 0 | t_u_l: 15/992 | t_u_r: 4/992 | t_u: 19/1984) -> {'max_bond': 232, 'max_links': 4, 'total_elems': 547236, 'total_shapes': 2930, 'total_links': 390, 'num_tensors': 98}
2026-08-26 08:21:07,100 [INFO] [5L/2543](swap: 19, u: 0 | c_u: 0 | t_u_l: 15/992 | t_u_r: 4/992 | t_u: 19/1984) -> {'max_bond': 232, 'max_links': 4, 'total_elems': 561280, 'total_shapes': 3250, 'total_links': 390, 'num_tensors': 98}
2026-08-26 08:21:07,677 [INFO] [6L/2543](swap: 20, u: 0 | c_u: 0 | t_u_l: 15/992 | t_u_r: 4/992 | t_u: 19/1984) -> {'max_bond': 232, 'max_links': 4, 'total_elems': 586496, 'total_shapes': 3774, 'total_links': 390, 'num_tensors': 98}
2026-08-26 08:21:08,267 [INFO] [2R/2295](swap: 15, u: 0 | c_u: 0 | t_u_l: 15/992 | t_u_r: 4/992 | t_u: 19/1984) -> {'max_bond': 232, 'max_links': 4, 'total_elems': 630168, 'total_shapes': 4198, 'total_links': 390, 'num_tensors': 98}
2026-08-26 08:21:08,887 [INFO] [3R/2295](swap: 15, u: 0 | c_u: 0 | t_u_l: 15/992 | t_u_r: 4/992 | t_u: 19/1984) -> {'max_bond': 232, 'max_links': 4, 'total_elems': 691188, 'total_shapes': 4562, 'total_links': 390, 'num_tensors': 98}
2026-08-26 08:21:09,619 [INFO] [4R/2295](swap: 16, u: 0 | c_u: 0 | t_u_l: 15/992 | t_u_r: 4/992 | t_u: 19/1984) -> {'max_bond': 256, 'max_links': 4, 'total_elems': 818328, 'total_shapes': 5258, 'total_links': 390, 'num_tensors': 98}
2026-08-26 08:21:10,725 [INFO]     [start unswap] -> {'max_bond': 256, 'max_links': 4, 'total_elems': 818328, 'total_shapes': 5258, 'total_links': 390, 'num_tensors': 98}
2026-08-26 08:21:15,740 [INFO]     [0 | both | 0](candidate_pairs: 49/49 | new_swaps: 4 | total: 4) -> {'max_bond': 256, 'max_links': 4, 'total_elems': 1099248, 'total_shapes': 5882, 'total_links': 390, 'num_tensors': 98}
2026-08-26 08:21:24,427 [INFO]     [0 | both | 1](candidate_pairs: 48/48 | new_swaps: 7 | total: 11) -> {'max_bond': 256, 'max_links': 4, 'total_elems': 1078896, 'total_shapes': 5632, 'total_links': 390, 'num_tensors': 98}
2026-08-26 08:21:26,747 [INFO]     [0 | left | 0](candidate_pairs: 49/49 | new_swaps: 17 | total: 28) -> {'max_bond': 256, 'max_links': 4, 'total_elems': 816084, 'total_shapes': 4868, 'total_links': 390, 'num_tensors': 98}
2026-08-26 08:21:29,568 [INFO]     [0 | left | 1](candidate_pairs: 48/48 | new_swaps: 19 | total: 47) -> {'max_bond': 232, 'max_links': 4, 'total_elems': 697476, 'total_shapes': 4146, 'total_links': 390, 'num_tensors': 98}
2026-08-26 08:21:31,086 [INFO]     [0 | right | 0](candidate_pairs: 49/49 | new_swaps: 11 | total: 58) -> {'max_bond': 232, 'max_links': 4, 'total_elems': 655028, 'total_shapes': 3786, 'total_links': 390, 'num_tensors': 98}
2026-08-26 08:21:33,459 [INFO]     [0 | right | 1](candidate_pairs: 48/48 | new_swaps: 12 | total: 70) -> {'max_bond': 232, 'max_links': 4, 'total_elems': 615436, 'total_shapes': 3556, 'total_links': 390, 'num_tensors': 98}
2026-08-26 08:21:36,328 [INFO]     [1 | both | 0](candidate_pairs: 49/49 | new_swaps: 10 | total: 10) -> {'max_bond': 232, 'max_links': 4, 'total_elems': 563824, 'total_shapes': 3118, 'total_links': 390, 'num_tensors': 98}
2026-08-26 08:21:41,739 [INFO]     [1 | both | 1](candidate_pairs: 48/48 | new_swaps: 13 | total: 23) -> {'max_bond': 232, 'max_links': 4, 'total_elems': 544708, 'total_shapes': 2742, 'total_links': 390, 'num_tensors': 98}
2026-08-26 08:21:43,049 [INFO]     [1 | left | 0](candidate_pairs: 49/49 | new_swaps: 14 | total: 37) -> {'max_bond': 232, 'max_links': 4, 'total_elems': 537708, 'total_shapes': 2602, 'total_links': 390, 'num_tensors': 98}
2026-08-26 08:21:45,207 [INFO]     [1 | left | 1](candidate_pairs: 48/48 | new_swaps: 5 | total: 42) -> {'max_bond': 232, 'max_links': 4, 'total_elems': 536544, 'total_shapes': 2556, 'total_links': 390, 'num_tensors': 98}
2026-08-26 08:21:46,490 [INFO]     [1 | right | 0](candidate_pairs: 49/49 | new_swaps: 5 | total: 47) -> {'max_bond': 232, 'max_links': 4, 'total_elems': 536028, 'total_shapes': 2510, 'total_links': 390, 'num_tensors': 98}
2026-08-26 08:21:48,633 [INFO]     [1 | right | 1](candidate_pairs: 48/48 | new_swaps: 1 | total: 48) -> {'max_bond': 232, 'max_links': 4, 'total_elems': 535932, 'total_shapes': 2506, 'total_links': 390, 'num_tensors': 98}
2026-08-26 08:21:51,280 [INFO]     [2 | both | 0](candidate_pairs: 49/49 | new_swaps: 10 | total: 10) -> {'max_bond': 232, 'max_links': 4, 'total_elems': 534420, 'total_shapes': 2438, 'total_links': 390, 'num_tensors': 98}
2026-08-26 08:21:56,404 [INFO]     [2 | both | 1](candidate_pairs: 48/48 | new_swaps: 6 | total: 16) -> {'max_bond': 232, 'max_links': 4, 'total_elems': 533748, 'total_shapes': 2388, 'total_links': 390, 'num_tensors': 98}
2026-08-26 08:21:57,416 [INFO]     [2 | left | 0](candidate_pairs: 49/49 | new_swaps: 0 | total: 16) -> {'max_bond': 232, 'max_links': 4, 'total_elems': 533748, 'total_shapes': 2388, 'total_links': 390, 'num_tensors': 98}
2026-08-26 08:21:59,572 [INFO]     [2 | left | 1](candidate_pairs: 48/48 | new_swaps: 4 | total: 20) -> {'max_bond': 232, 'max_links': 4, 'total_elems': 533584, 'total_shapes': 2368, 'total_links': 390, 'num_tensors': 98}
2026-08-26 08:22:00,852 [INFO]     [2 | right | 0](candidate_pairs: 49/49 | new_swaps: 3 | total: 23) -> {'max_bond': 232, 'max_links': 4, 'total_elems': 533452, 'total_shapes': 2352, 'total_links': 390, 'num_tensors': 98}
2026-08-26 08:22:03,002 [INFO]     [2 | right | 1](candidate_pairs: 48/48 | new_swaps: 1 | total: 24) -> {'max_bond': 232, 'max_links': 4, 'total_elems': 533392, 'total_shapes': 2346, 'total_links': 390, 'num_tensors': 98}
2026-08-26 08:22:05,630 [INFO]     [3 | both | 0](candidate_pairs: 49/49 | new_swaps: 1 | total: 1) -> {'max_bond': 232, 'max_links': 4, 'total_elems': 533352, 'total_shapes': 2342, 'total_links': 390, 'num_tensors': 98}
2026-08-26 08:22:10,734 [INFO]     [3 | both | 1](candidate_pairs: 48/48 | new_swaps: 1 | total: 2) -> {'max_bond': 232, 'max_links': 4, 'total_elems': 533304, 'total_shapes': 2338, 'total_links': 390, 'num_tensors': 98}
2026-08-26 08:22:11,759 [INFO]     [3 | left | 0](candidate_pairs: 49/49 | new_swaps: 0 | total: 2) -> {'max_bond': 232, 'max_links': 4, 'total_elems': 533304, 'total_shapes': 2338, 'total_links': 390, 'num_tensors': 98}
2026-08-26 08:22:13,644 [INFO]     [3 | left | 1](candidate_pairs: 48/48 | new_swaps: 0 | total: 2) -> {'max_bond': 232, 'max_links': 4, 'total_elems': 533304, 'total_shapes': 2338, 'total_links': 390, 'num_tensors': 98}
2026-08-26 08:22:14,929 [INFO]     [3 | right | 0](candidate_pairs: 49/49 | new_swaps: 1 | total: 3) -> {'max_bond': 232, 'max_links': 4, 'total_elems': 533280, 'total_shapes': 2334, 'total_links': 390, 'num_tensors': 98}
2026-08-26 08:22:16,808 [INFO]     [3 | right | 1](candidate_pairs: 48/48 | new_swaps: 0 | total: 3) -> {'max_bond': 232, 'max_links': 4, 'total_elems': 533280, 'total_shapes': 2334, 'total_links': 390, 'num_tensors': 98}
2026-08-26 08:22:19,449 [INFO]     [4 | both | 0](candidate_pairs: 49/49 | new_swaps: 1 | total: 1) -> {'max_bond': 232, 'max_links': 4, 'total_elems': 533232, 'total_shapes': 2330, 'total_links': 390, 'num_tensors': 98}
2026-08-26 08:22:24,554 [INFO]     [4 | both | 1](candidate_pairs: 48/48 | new_swaps: 1 | total: 2) -> {'max_bond': 232, 'max_links': 4, 'total_elems': 533184, 'total_shapes': 2326, 'total_links': 390, 'num_tensors': 98}
2026-08-26 08:22:25,832 [INFO]     [4 | left | 0](candidate_pairs: 49/49 | new_swaps: 1 | total: 3) -> {'max_bond': 232, 'max_links': 4, 'total_elems': 533136, 'total_shapes': 2322, 'total_links': 390, 'num_tensors': 98}
2026-08-26 08:22:27,987 [INFO]     [4 | left | 1](candidate_pairs: 48/48 | new_swaps: 1 | total: 4) -> {'max_bond': 232, 'max_links': 4, 'total_elems': 533088, 'total_shapes': 2316, 'total_links': 390, 'num_tensors': 98}
2026-08-26 08:22:28,994 [INFO]     [4 | right | 0](candidate_pairs: 49/49 | new_swaps: 0 | total: 4) -> {'max_bond': 232, 'max_links': 4, 'total_elems': 533088, 'total_shapes': 2316, 'total_links': 390, 'num_tensors': 98}
2026-08-26 08:22:30,872 [INFO]     [4 | right | 1](candidate_pairs: 48/48 | new_swaps: 0 | total: 4) -> {'max_bond': 232, 'max_links': 4, 'total_elems': 533088, 'total_shapes': 2316, 'total_links': 390, 'num_tensors': 98}
2026-08-26 08:22:32,974 [INFO]     [5 | both | 0](candidate_pairs: 49/49 | new_swaps: 0 | total: 0) -> {'max_bond': 232, 'max_links': 4, 'total_elems': 533088, 'total_shapes': 2316, 'total_links': 390, 'num_tensors': 98}
2026-08-26 08:22:37,548 [INFO]     [5 | both | 1](candidate_pairs: 48/48 | new_swaps: 0 | total: 0) -> {'max_bond': 232, 'max_links': 4, 'total_elems': 533088, 'total_shapes': 2316, 'total_links': 390, 'num_tensors': 98}
2026-08-26 08:22:38,567 [INFO]     [5 | left | 0](candidate_pairs: 49/49 | new_swaps: 0 | total: 0) -> {'max_bond': 232, 'max_links': 4, 'total_elems': 533088, 'total_shapes': 2316, 'total_links': 390, 'num_tensors': 98}
2026-08-26 08:22:40,449 [INFO]     [5 | left | 1](candidate_pairs: 48/48 | new_swaps: 0 | total: 0) -> {'max_bond': 232, 'max_links': 4, 'total_elems': 533088, 'total_shapes': 2316, 'total_links': 390, 'num_tensors': 98}
2026-08-26 08:22:41,451 [INFO]     [5 | right | 0](candidate_pairs: 49/49 | new_swaps: 0 | total: 0) -> {'max_bond': 232, 'max_links': 4, 'total_elems': 533088, 'total_shapes': 2316, 'total_links': 390, 'num_tensors': 98}
2026-08-26 08:22:43,332 [INFO]     [5 | right | 1](candidate_pairs: 48/48 | new_swaps: 0 | total: 0) -> {'max_bond': 232, 'max_links': 4, 'total_elems': 533088, 'total_shapes': 2316, 'total_links': 390, 'num_tensors': 98}
2026-08-26 08:22:43,333 [INFO]     [end unswap] -> {'max_bond': 232, 'max_links': 4, 'total_elems': 533088, 'total_shapes': 2316, 'total_links': 390, 'num_tensors': 98}
2026-08-26 08:22:43,347 [INFO] [start rewire](phase=post_unswap, cycle=7, side=left, layers=2539, trials=20, seed=123, parallel=False, route_candidates=2, route_score=lookahead_total)
2026-08-26 08:22:59,624 [INFO] [end rewire](phase=post_unswap, cycle=7, side=left, routed_layers=2399, elapsed_s=16.28)
2026-08-26 08:22:59,624 [INFO] [start rewire](phase=post_unswap, cycle=7, side=right, layers=2293, trials=20, seed=123, parallel=False, route_candidates=2, route_score=lookahead_total)
2026-08-26 08:23:16,962 [INFO] [end rewire](phase=post_unswap, cycle=7, side=right, routed_layers=2035, elapsed_s=17.34)
2026-08-26 08:23:17,546 [INFO] [1L/2397](swap: 21, u: 0 | c_u: 0 | t_u_l: 15/992 | t_u_r: 4/992 | t_u: 19/1984) -> {'max_bond': 232, 'max_links': 4, 'total_elems': 533088, 'total_shapes': 2316, 'total_links': 390, 'num_tensors': 98}
2026-08-26 08:23:18,095 [INFO] [1R/2033](swap: 15, u: 0 | c_u: 0 | t_u_l: 15/992 | t_u_r: 4/992 | t_u: 19/1984) -> {'max_bond': 232, 'max_links': 4, 'total_elems': 533720, 'total_shapes': 2414, 'total_links': 390, 'num_tensors': 98}
2026-08-26 08:23:18,657 [INFO] [2R/2033](swap: 14, u: 0 | c_u: 0 | t_u_l: 15/992 | t_u_r: 4/992 | t_u: 19/1984) -> {'max_bond': 232, 'max_links': 4, 'total_elems': 535508, 'total_shapes': 2514, 'total_links': 390, 'num_tensors': 98}
2026-08-26 08:23:19,218 [INFO] [2L/2397](swap: 25, u: 0 | c_u: 0 | t_u_l: 15/992 | t_u_r: 4/992 | t_u: 19/1984) -> {'max_bond': 232, 'max_links': 4, 'total_elems': 541708, 'total_shapes': 2650, 'total_links': 390, 'num_tensors': 98}
2026-08-26 08:23:19,853 [INFO] [3R/2033](swap: 16, u: 0 | c_u: 0 | t_u_l: 15/992 | t_u_r: 4/992 | t_u: 19/1984) -> {'max_bond': 232, 'max_links': 4, 'total_elems': 556040, 'total_shapes': 2870, 'total_links': 390, 'num_tensors': 98}
2026-08-26 08:23:20,516 [INFO] [4R/2033](swap: 16, u: 0 | c_u: 0 | t_u_l: 15/992 | t_u_r: 4/992 | t_u: 19/1984) -> {'max_bond': 232, 'max_links': 4, 'total_elems': 579912, 'total_shapes': 3206, 'total_links': 390, 'num_tensors': 98}
2026-08-26 08:23:21,202 [INFO] [5R/2033](swap: 18, u: 0 | c_u: 0 | t_u_l: 15/992 | t_u_r: 4/992 | t_u: 19/1984) -> {'max_bond': 232, 'max_links': 4, 'total_elems': 626680, 'total_shapes': 3654, 'total_links': 390, 'num_tensors': 98}
2026-08-26 08:23:23,429 [INFO] [3L/2397](swap: 23, u: 0 | c_u: 0 | t_u_l: 15/992 | t_u_r: 4/992 | t_u: 19/1984) -> {'max_bond': 232, 'max_links': 4, 'total_elems': 734840, 'total_shapes': 4294, 'total_links': 390, 'num_tensors': 98}
2026-08-26 08:23:24,273 [INFO] [4L/2397](swap: 23, u: 0 | c_u: 0 | t_u_l: 15/992 | t_u_r: 4/992 | t_u: 19/1984) -> {'max_bond': 232, 'max_links': 4, 'total_elems': 836924, 'total_shapes': 5048, 'total_links': 390, 'num_tensors': 98}
2026-08-26 08:23:25,363 [INFO]     [start unswap] -> {'max_bond': 232, 'max_links': 4, 'total_elems': 836924, 'total_shapes': 5048, 'total_links': 390, 'num_tensors': 98}
2026-08-26 08:23:35,085 [INFO]     [0 | both | 0](candidate_pairs: 49/49 | new_swaps: 4 | total: 4) -> {'max_bond': 256, 'max_links': 4, 'total_elems': 1029828, 'total_shapes': 6060, 'total_links': 390, 'num_tensors': 98}
2026-08-26 08:23:41,730 [INFO]     [0 | both | 1](candidate_pairs: 48/48 | new_swaps: 13 | total: 17) -> {'max_bond': 232, 'max_links': 4, 'total_elems': 727524, 'total_shapes': 4566, 'total_links': 390, 'num_tensors': 98}
2026-08-26 08:23:43,659 [INFO]     [0 | left | 0](candidate_pairs: 49/49 | new_swaps: 20 | total: 37) -> {'max_bond': 232, 'max_links': 4, 'total_elems': 665264, 'total_shapes': 3792, 'total_links': 390, 'num_tensors': 98}
2026-08-26 08:23:46,572 [INFO]     [0 | left | 1](candidate_pairs: 48/48 | new_swaps: 23 | total: 60) -> {'max_bond': 232, 'max_links': 4, 'total_elems': 563364, 'total_shapes': 3150, 'total_links': 390, 'num_tensors': 98}
2026-08-26 08:23:47,898 [INFO]     [0 | right | 0](candidate_pairs: 49/49 | new_swaps: 11 | total: 71) -> {'max_bond': 232, 'max_links': 4, 'total_elems': 546632, 'total_shapes': 2864, 'total_links': 390, 'num_tensors': 98}
2026-08-26 08:23:50,080 [INFO]     [0 | right | 1](candidate_pairs: 48/48 | new_swaps: 10 | total: 81) -> {'max_bond': 232, 'max_links': 4, 'total_elems': 545516, 'total_shapes': 2798, 'total_links': 390, 'num_tensors': 98}
2026-08-26 08:23:52,746 [INFO]     [1 | both | 0](candidate_pairs: 49/49 | new_swaps: 9 | total: 9) -> {'max_bond': 232, 'max_links': 4, 'total_elems': 543124, 'total_shapes': 2706, 'total_links': 390, 'num_tensors': 98}
2026-08-26 08:23:58,116 [INFO]     [1 | both | 1](candidate_pairs: 48/48 | new_swaps: 8 | total: 17) -> {'max_bond': 232, 'max_links': 4, 'total_elems': 541492, 'total_shapes': 2630, 'total_links': 390, 'num_tensors': 98}
2026-08-26 08:23:59,422 [INFO]     [1 | left | 0](candidate_pairs: 49/49 | new_swaps: 14 | total: 31) -> {'max_bond': 232, 'max_links': 4, 'total_elems': 540424, 'total_shapes': 2534, 'total_links': 390, 'num_tensors': 98}
2026-08-26 08:24:01,620 [INFO]     [1 | left | 1](candidate_pairs: 48/48 | new_swaps: 7 | total: 38) -> {'max_bond': 232, 'max_links': 4, 'total_elems': 539996, 'total_shapes': 2490, 'total_links': 390, 'num_tensors': 98}
2026-08-26 08:24:02,911 [INFO]     [1 | right | 0](candidate_pairs: 49/49 | new_swaps: 6 | total: 44) -> {'max_bond': 232, 'max_links': 4, 'total_elems': 539636, 'total_shapes': 2454, 'total_links': 390, 'num_tensors': 98}
2026-08-26 08:24:05,101 [INFO]     [1 | right | 1](candidate_pairs: 48/48 | new_swaps: 2 | total: 46) -> {'max_bond': 232, 'max_links': 4, 'total_elems': 539528, 'total_shapes': 2444, 'total_links': 390, 'num_tensors': 98}
2026-08-26 08:24:07,749 [INFO]     [2 | both | 0](candidate_pairs: 49/49 | new_swaps: 4 | total: 4) -> {'max_bond': 232, 'max_links': 4, 'total_elems': 539348, 'total_shapes': 2426, 'total_links': 390, 'num_tensors': 98}
2026-08-26 08:24:13,121 [INFO]     [2 | both | 1](candidate_pairs: 48/48 | new_swaps: 5 | total: 9) -> {'max_bond': 232, 'max_links': 4, 'total_elems': 538072, 'total_shapes': 2396, 'total_links': 390, 'num_tensors': 98}
2026-08-26 08:24:14,424 [INFO]     [2 | left | 0](candidate_pairs: 49/49 | new_swaps: 5 | total: 14) -> {'max_bond': 232, 'max_links': 4, 'total_elems': 533316, 'total_shapes': 2344, 'total_links': 390, 'num_tensors': 98}
2026-08-26 08:24:16,578 [INFO]     [2 | left | 1](candidate_pairs: 48/48 | new_swaps: 2 | total: 16) -> {'max_bond': 232, 'max_links': 4, 'total_elems': 533256, 'total_shapes': 2334, 'total_links': 390, 'num_tensors': 98}
2026-08-26 08:24:17,581 [INFO]     [2 | right | 0](candidate_pairs: 49/49 | new_swaps: 0 | total: 16) -> {'max_bond': 232, 'max_links': 4, 'total_elems': 533256, 'total_shapes': 2334, 'total_links': 390, 'num_tensors': 98}
