2026-08-26 11:16:15,436 [WARNING] live plot.png generation disabled: No module named 'matplotlib'
<local-user>/.conda/envs/p9-openblas/lib/python3.10/site-packages/quimb/tensor/decomp.py:363: UserWarning: Got: Internal algorithm failed to converge., falling back to scipy gesvd driver.
  warnings.warn(f"Got: {e}, falling back to scipy gesvd driver.")
[Cycle 1] 7/1984 gates (0.4 %) after 63 sec
[Cycle 2] 14/1984 gates (0.7 %) after 171 sec
[Cycle 3] 16/1984 gates (0.8 %) after 243 sec
[Cycle 4] 17/1984 gates (0.9 %) after 337 sec
[Cycle 5] 20/1984 gates (1.0 %) after 442 sec
[Cycle 6] 22/1984 gates (1.1 %) after 481 sec
[Cycle 7] 23/1984 gates (1.2 %) after 538 sec
[Cycle 8] 26/1984 gates (1.3 %) after 584 sec
[Cycle 9] 27/1984 gates (1.4 %) after 653 sec
[Cycle 10] 34/1984 gates (1.7 %) after 727 sec
[Cycle 11] 36/1984 gates (1.8 %) after 780 sec
[Cycle 12] 41/1984 gates (2.1 %) after 833 sec
[Cycle 13] 48/1984 gates (2.4 %) after 887 sec
[Cycle 14] 57/1984 gates (2.9 %) after 958 sec
[Cycle 15] 59/1984 gates (3.0 %) after 1033 sec
[Cycle 16] 62/1984 gates (3.1 %) after 1091 sec
[Cycle 17] 72/1984 gates (3.6 %) after 1230 sec
[Cycle 18] 77/1984 gates (3.9 %) after 1280 sec
[Cycle 19] 83/1984 gates (4.2 %) after 1333 sec
[Cycle 20] 87/1984 gates (4.4 %) after 1387 sec
[Cycle 21] 92/1984 gates (4.6 %) after 1466 sec
[Cycle 22] 93/1984 gates (4.7 %) after 1514 sec
[Cycle 23] 94/1984 gates (4.7 %) after 1603 sec
[Cycle 24] 104/1984 gates (5.2 %) after 1661 sec
[Cycle 25] 114/1984 gates (5.7 %) after 1708 sec
[Cycle 26] 118/1984 gates (5.9 %) after 1755 sec
[Cycle 27] 122/1984 gates (6.1 %) after 1818 sec
[Cycle 28] 130/1984 gates (6.6 %) after 1875 sec
[Cycle 29] 135/1984 gates (6.8 %) after 1936 sec
[Cycle 30] 141/1984 gates (7.1 %) after 1985 sec
[Cycle 31] 146/1984 gates (7.4 %) after 2043 sec
[Cycle 32] 151/1984 gates (7.6 %) after 2112 sec
[Cycle 33] 156/1984 gates (7.9 %) after 2173 sec
[Cycle 34] 169/1984 gates (8.5 %) after 2242 sec
[Cycle 35] 191/1984 gates (9.6 %) after 2352 sec
[Cycle 36] 207/1984 gates (10.4 %) after 2476 sec
2026-08-26 12:00:04,907 [WARNING] samples.png generation disabled: No module named 'matplotlib'
{
  "qasm": "<local-user>/code_projects/qat/tracker/data/classically-verifiable-problems/circuit-models/peaked_circuit/peaked_circuit_P11_Hqap_98x1999.qasm",
  "tag": "run",
  "num_qubits": 98,
  "initial_ops": {
    "u": 7996,
    "cz": 1999
  },
  "consolidated_ops": {
    "unitary": 1984
  },
  "compress_time_s": 2635.257984625001,
  "stats_rows": 2770,
  "run_status": "complete",
  "environment": {
    "python": "3.10.21 | packaged by conda-forge | (main, Aug 21 2026, 22:37:53) [Clang 19.1.7 ]",
    "python_executable": "~/.conda/envs/p9-openblas/bin/python",
    "platform": "macOS-26.5.2-arm64-arm-64bit",
    "machine": "arm64",
    "processor": "arm",
    "qiskit": "1.4.5",
    "quimb": "1.11.2",
    "numpy": "2.2.6",
    "numpy_config": "{\n  \"Compilers\": {\n    \"c\": {\n      \"name\": \"clang\",\n      \"linker\": \"ld64\",\n      \"version\": \"18.1.8\",\n      \"commands\": \"arm64-apple-darwin20.0.0-clang\",\n      \"args\": \"-ftree-vectorize, -fPIC, -fstack-protector-strong, -O2, -pipe, -isystem, ~/.conda/envs/p9-openblas/include, -fdebug-prefix-map=<ci-user>/miniforge3/conda-bld/numpy_1747544633931/work=/usr/local/src/conda/numpy-2.2.6, -fdebug-prefix-map=~/.conda/envs/p9-openblas=/usr/local/src/conda-prefix, -D_FORTIFY_SOURCE=2, -isystem, ~/.conda/envs/p9-openblas/include, -mmacosx-version-min=11.0, -mmacosx-version-min=11.0\",\n      \"linker args\": \"-Wl,-headerpad_max_install_names, -Wl,-dead_strip_dylibs, -Wl,-rpath,~/.conda/envs/p9-openblas/lib, -L~/.conda/envs/p9-openblas/lib, -ftree-vectorize, -fPIC, -fstack-protector-strong, -O2, -pipe, -isystem, ~/.conda/envs/p9-openblas/include, -fdebug-prefix-map=<ci-user>/miniforge3/conda-bld/numpy_1747544633931/work=/usr/local/src/conda/numpy-2.2.6, -fdebug-prefix-map=~/.conda/envs/p9-openblas=/usr/local/src/conda-prefix, -D_FORTIFY_SOURCE=2, -isystem, ~/.conda/envs/p9-openblas/include, -mmacosx-version-min=11.0, -mmacosx-version-min=11.0\"\n    },\n    \"cython\": {\n      \"name\": \"cython\",\n      \"linker\": \"cython\",\n      \"version\": \"3.1.0\",\n      \"commands\": \"cython\"\n    },\n    \"c++\": {\n      \"name\": \"clang\",\n      \"linker\": \"ld64\",\n      \"version\": \"18.1.8\",\n      \"commands\": \"arm64-apple-darwin20.0.0-clang++\",\n      \"args\": \"-ftree-vectorize, -fPIC, -fstack-protector-strong, -O2, -pipe, -stdlib=libc++, -fvisibility-inlines-hidden, -fmessage-length=0, -isystem, ~/.conda/envs/p9-openblas/include, -fdebug-prefix-map=<ci-user>/miniforge3/conda-bld/numpy_1747544633931/work=/usr/local/src/conda/numpy-2.2.6, -fdebug-prefix-map=~/.conda/envs/p9-openblas=/usr/local/src/conda-prefix, -D_FORTIFY_SOURCE=2, -isystem, ~/.conda/envs/p9-openblas/include, -mmacosx-version-min=11.0, -mmacosx-version-min=11.0\",\n      \"linker args\": \"-Wl,-headerpad_max_install_names, -Wl,-dead_strip_dylibs, -Wl,-rpath,~/.conda/envs/p9-openblas/lib, -L~/.conda/envs/p9-openblas/lib, -ftree-vectorize, -fPIC, -fstack-protector-strong, -O2, -pipe, -stdlib=libc++, -fvisibility-inlines-hidden, -fmessage-length=0, -isystem, ~/.conda/envs/p9-openblas/include, -fdebug-prefix-map=<ci-user>/miniforge3/conda-bld/numpy_1747544633931/work=/usr/local/src/conda/numpy-2.2.6, -fdebug-prefix-map=~/.conda/envs/p9-openblas=/usr/local/src/conda-prefix, -D_FORTIFY_SOURCE=2, -isystem, ~/.conda/envs/p9-openblas/include, -mmacosx-version-min=11.0, -mmacosx-version-min=11.0\"\n    }\n  },\n  \"Machine Information\": {\n    \"host\": {\n      \"cpu\": \"arm64\",\n      \"family\": \"aarch64\",\n      \"endian\": \"little\",\n      \"system\": \"darwin\"\n    },\n    \"build\": {\n      \"cpu\": \"aarch64\",\n      \"family\": \"aarch64\",\n      \"endian\": \"little\",\n      \"system\": \"darwin\"\n    },\n    \"cross-compiled\": true\n  },\n  \"Build Dependencies\": {\n    \"blas\": {\n      \"name\": \"blas\",\n      \"found\": true,\n      \"version\": \"3.9.0\",\n      \"detection method\": \"pkgconfig\",\n      \"include directory\": \"~/.conda/envs/p9-openblas/include\",\n      \"lib directory\": \"~/.conda/envs/p9-openblas/lib\",\n      \"openblas configuration\": \"unknown\",\n      \"pc file directory\": \"~/.conda/envs/p9-openblas/lib/pkgconfig\"\n    },\n    \"lapack\": {\n      \"name\": \"lapack\",\n      \"found\": true,\n      \"version\": \"3.9.0\",\n      \"detection method\": \"pkgconfig\",\n      \"include directory\": \"~/.conda/envs/p9-openblas/include\",\n      \"lib directory\": \"~/.conda/envs/p9-openblas/lib\",\n      \"openblas configuration\": \"unknown\",\n      \"pc file directory\": \"~/.conda/envs/p9-openblas/lib/pkgconfig\"\n    }\n  },\n  \"Python Information\": {\n    \"path\": \"~/.conda/envs/p9-openblas/bin/python\",\n    \"version\": \"3.10\"\n  },\n  \"SIMD Extensions\": {\n    \"baseline\": [\n      \"NEON\",\n      \"NEON_FP16\",\n      \"NEON_VFPV4\",\n      \"ASIMD\"\n    ],\n    \"found\": [\n      \"ASIMDHP\"\n    ],\n    \"not found\": [\n      \"ASIMDFHM\"\n    ]\n  }\n}\n",
    "thread_env": {
      "OMP_NUM_THREADS": "1",
      "OPENBLAS_NUM_THREADS": "1",
      "VECLIB_MAXIMUM_THREADS": "1",
      "MKL_NUM_THREADS": "1"
    },
    "numpy_runtime": "WARNING: `threadpoolctl` not found in system! Install it by `pip install threadpoolctl`. Once installed, try `np.show_runtime` again for more detailed build information\n[{'numpy_version': '2.2.6',\n  'python': '3.10.21 | packaged by conda-forge | (main, Aug 21 2026, 22:37:53) '\n            '[Clang 19.1.7 ]',\n  'uname': uname_result(system='Darwin', node='<redacted>', release='25.5.0', version='Darwin Kernel Version 25.5.0: Tue Jun  9 22:28:29 PDT 2026; root:xnu-12377.121.10~1/RELEASE_ARM64_T6030', machine='arm64')},\n {'simd_extensions': {'baseline': ['NEON', 'NEON_FP16', 'NEON_VFPV4', 'ASIMD'],\n                      'found': ['ASIMDHP'],\n                      'not_found': ['ASIMDFHM']}}]\n",
    "numpy_multiarray_umath": "~/.conda/envs/p9-openblas/lib/python3.10/site-packages/numpy/_core/_multiarray_umath.cpython-310-darwin.so",
    "scipy": "1.15.2",
    "scipy_config": "{\n  \"Compilers\": {\n    \"c\": {\n      \"name\": \"clang\",\n      \"linker\": \"ld64\",\n      \"version\": \"18.1.8\",\n      \"commands\": \"arm64-apple-darwin20.0.0-clang\",\n      \"args\": \"-ftree-vectorize, -fPIC, -fstack-protector-strong, -O2, -pipe, -isystem, ~/.conda/envs/p9-openblas/include, -fdebug-prefix-map=<ci-user>/miniforge3/conda-bld/scipy-split_1739790705989/work=/usr/local/src/conda/scipy-split-1.15.2, -fdebug-prefix-map=~/.conda/envs/p9-openblas=/usr/local/src/conda-prefix, -D_FORTIFY_SOURCE=2, -isystem, ~/.conda/envs/p9-openblas/include, -mmacosx-version-min=11.0, -mmacosx-version-min=11.0\",\n      \"linker args\": \"-Wl,-headerpad_max_install_names, -Wl,-dead_strip_dylibs, -Wl,-rpath,~/.conda/envs/p9-openblas/lib, -L~/.conda/envs/p9-openblas/lib, -ftree-vectorize, -fPIC, -fstack-protector-strong, -O2, -pipe, -isystem, ~/.conda/envs/p9-openblas/include, -fdebug-prefix-map=<ci-user>/miniforge3/conda-bld/scipy-split_1739790705989/work=/usr/local/src/conda/scipy-split-1.15.2, -fdebug-prefix-map=~/.conda/envs/p9-openblas=/usr/local/src/conda-prefix, -D_FORTIFY_SOURCE=2, -isystem, ~/.conda/envs/p9-openblas/include, -mmacosx-version-min=11.0, -mmacosx-version-min=11.0\"\n    },\n    \"cython\": {\n      \"name\": \"cython\",\n      \"linker\": \"cython\",\n      \"version\": \"3.0.12\",\n      \"commands\": \"cython\"\n    },\n    \"c++\": {\n      \"name\": \"clang\",\n      \"linker\": \"ld64\",\n      \"version\": \"18.1.8\",\n      \"commands\": \"arm64-apple-darwin20.0.0-clang++\",\n      \"args\": \"-ftree-vectorize, -fPIC, -fstack-protector-strong, -O2, -pipe, -stdlib=libc++, -fvisibility-inlines-hidden, -fmessage-length=0, -isystem, ~/.conda/envs/p9-openblas/include, -fdebug-prefix-map=<ci-user>/miniforge3/conda-bld/scipy-split_1739790705989/work=/usr/local/src/conda/scipy-split-1.15.2, -fdebug-prefix-map=~/.conda/envs/p9-openblas=/usr/local/src/conda-prefix, -D_FORTIFY_SOURCE=2, -isystem, ~/.conda/envs/p9-openblas/include, -mmacosx-version-min=11.0, -mmacosx-version-min=11.0\",\n      \"linker args\": \"-Wl,-headerpad_max_install_names, -Wl,-dead_strip_dylibs, -Wl,-rpath,~/.conda/envs/p9-openblas/lib, -L~/.conda/envs/p9-openblas/lib, -ftree-vectorize, -fPIC, -fstack-protector-strong, -O2, -pipe, -stdlib=libc++, -fvisibility-inlines-hidden, -fmessage-length=0, -isystem, ~/.conda/envs/p9-openblas/include, -fdebug-prefix-map=<ci-user>/miniforge3/conda-bld/scipy-split_1739790705989/work=/usr/local/src/conda/scipy-split-1.15.2, -fdebug-prefix-map=~/.conda/envs/p9-openblas=/usr/local/src/conda-prefix, -D_FORTIFY_SOURCE=2, -isystem, ~/.conda/envs/p9-openblas/include, -mmacosx-version-min=11.0, -mmacosx-version-min=11.0\"\n    },\n    \"fortran\": {\n      \"name\": \"gcc\",\n      \"linker\": \"ld64\",\n      \"version\": \"13.2.0\",\n      \"commands\": \"<ci-user>/miniforge3/conda-bld/scipy-split_1739790705989/_build_env/bin/arm64-apple-darwin20.0.0-gfortran\",\n      \"args\": \"-march=armv8.3-a, -ftree-vectorize, -fPIC, -fno-stack-protector, -O2, -pipe, -isystem, ~/.conda/envs/p9-openblas/include, -fdebug-prefix-map=<ci-user>/miniforge3/conda-bld/scipy-split_1739790705989/work=/usr/local/src/conda/scipy-split-1.15.2, -fdebug-prefix-map=~/.conda/envs/p9-openblas=/usr/local/src/conda-prefix\",\n      \"linker args\": \"-Wl,-headerpad_max_install_names, -Wl,-dead_strip_dylibs, -Wl,-rpath,~/.conda/envs/p9-openblas/lib, -L~/.conda/envs/p9-openblas/lib, -march=armv8.3-a, -ftree-vectorize, -fPIC, -fno-stack-protector, -O2, -pipe, -isystem, ~/.conda/envs/p9-openblas/include, -fdebug-prefix-map=<ci-user>/miniforge3/conda-bld/scipy-split_1739790705989/work=/usr/local/src/conda/scipy-split-1.15.2, -fdebug-prefix-map=~/.conda/envs/p9-openblas=/usr/local/src/conda-prefix\"\n    },\n    \"pythran\": {\n      \"version\": \"0.17.0\",\n      \"include directory\": \"../../_build_env/venv/lib/python3.10/site-packages/pythran\"\n    }\n  },\n  \"Machine Information\": {\n    \"host\": {\n      \"cpu\": \"arm64\",\n      \"family\": \"aarch64\",\n      \"endian\": \"little\",\n      \"system\": \"darwin\"\n    },\n    \"build\": {\n      \"cpu\": \"x86_64\",\n      \"family\": \"x86_64\",\n      \"endian\": \"little\",\n      \"system\": \"darwin\"\n    },\n    \"cross-compiled\": true\n  },\n  \"Build Dependencies\": {\n    \"blas\": {\n      \"name\": \"blas\",\n      \"found\": true,\n      \"version\": \"3.9.0\",\n      \"detection method\": \"pkgconfig\",\n      \"include directory\": \"~/.conda/envs/p9-openblas/include\",\n      \"lib directory\": \"~/.conda/envs/p9-openblas/lib\",\n      \"openblas configuration\": \"unknown\",\n      \"pc file directory\": \"~/.conda/envs/p9-openblas/lib/pkgconfig\"\n    },\n    \"lapack\": {\n      \"name\": \"lapack\",\n      \"found\": true,\n      \"version\": \"3.9.0\",\n      \"detection method\": \"pkgconfig\",\n      \"include directory\": \"~/.conda/envs/p9-openblas/include\",\n      \"lib directory\": \"~/.conda/envs/p9-openblas/lib\",\n      \"openblas configuration\": \"unknown\",\n      \"pc file directory\": \"~/.conda/envs/p9-openblas/lib/pkgconfig\"\n    },\n    \"pybind11\": {\n      \"name\": \"pybind11\",\n      \"version\": \"2.13.6\",\n      \"detection method\": \"pkgconfig\",\n      \"include directory\": \"~/.conda/envs/p9-openblas/include\"\n    }\n  },\n  \"Python Information\": {\n    \"path\": \"<ci-user>/miniforge3/conda-bld/scipy-split_1739790705989/_build_env/bin/python3.10\",\n    \"version\": \"3.10\"\n  }\n}\n",
    "scipy_flapack": "~/.conda/envs/p9-openblas/lib/python3.10/site-packages/scipy/linalg/_flapack.cpython-310-darwin.so"
  },
  "parameters": {
    "qasm": "<local-user>/code_projects/qat/tracker/data/classically-verifiable-problems/circuit-models/peaked_circuit/peaked_circuit_P11_Hqap_98x1999.qasm",
    "outdir": "<local-user>/Code/p12-helios-recovery/results/p11_bond_ladder/p11_long_r4_300_20260826_111608",
    "tag": "run",
    "samples": 1000,
    "expected_bitstring": "",
    "seed": 123,
    "max_bond": 4096,
    "cutoff": 0.005,
    "unswap_threshold": 1000000.0,
    "center_ratio": 0.5,
    "max_its": 20,
    "sabre_trials": 90,
    "post_sabre_trials": 20,
    "absorb_score": "total_elems",
    "route_candidates": 2,
    "route_score": "lookahead_total",
    "route_score_lookahead": 8,
    "parallel_route_candidates": false,
    "route_candidate_workers": null,
    "route_seed_stride": 1009,
    "unswap_select_mode": "bond",
    "unswap_alignment_weight": 0.0,
    "unswap_alignment_protect_gain": null,
    "unswap_alignment_max_replacements": null,
    "unswap_alignment_tie_loss": 1.0,
    "unswap_route_proxy_weight": 0.0,
    "unswap_route_proxy_lookahead": 8,
    "unswap_route_proxy_include_swaps": false,
    "unswap_route_proxy_allow_nonbond": false,
    "unswap_route_proxy_policy": "veto",
    "unswap_route_proxy_min_benefit": 1.0,
    "unswap_route_proxy_max_bond_loss": 0.0,
    "unswap_route_proxy_protect_gain": null,
    "unswap_route_proxy_max_cycles": null,
    "unswap_pair_lookahead_limit": 8,
    "swap_gate_representation": "current",
    "max_unswap_cycles": null,
    "max_work_gates": 300,
    "abort_after_no_progress_unswap_cycles": 40,
    "parallel_absorb_probes": false,
    "parallel_rewire": false,
    "adaptive_parallel_rewire": false,
    "adaptive_parallel_rewire_min_speedup": 1.15,
    "unswap_probe_max_bond": null,
    "unswap_probe_cutoff": null,
    "reuse_full_swap_probe": true,
    "unswap_trigger_max_bond": null,
    "unswap_max_swaps_per_step": null,
    "unswap_hot_bonds": 0,
    "unswap_hot_radius": 0,
    "unswap_adaptive_stop_max_bond": null,
    "unswap_adaptive_stop_min_rel_improvement": null,
    "unswap_adaptive_stop_min_iteration": 0,
    "skip_sampling": true,
    "plots": true,
    "plot_interval_s": 30.0,
    "console_log_level": "WARNING"
  },
  "partial": false,
  "leftover_left_layers": 1878,
  "leftover_right_layers": 1747,
  "final_max_bond": 127,
  "final_total_elems": 467804,
  "stage_rows": {
    "rewiring": 74,
    "absorbing": 1008,
    "unswapping": 1614,
    "unswap_cycle_summary": 36,
    "cycle_progress": 36,
    "termination": 1,
    "timing_summary": 1
  },
  "peak_max_bond": 605.0,
  "peak_total_elems": 1627736.0,
  "peak_total_shapes": 8912.0,
  "last_work_consumed": 300.0,
  "termination_reason": "max_work_gates",
  "termination_detail": "consumed 300 work gates; target was 300",
  "termination_unswap_cycle": 36,
  "initial_rewire_time_s": 5.491330082993954,
  "initial_rewire_wall_time_s": 5.491924375004601,
  "post_unswap_rewire_time_s": 847.244112247834,
  "post_unswap_rewire_wall_time_s": 847.2712694169604,
  "absorb_probe_time_s": 567.8165148138942,
  "absorb_probe_wall_time_s": 569.5663123523991,
  "absorb_lookahead_time_s": 0.0,
  "unswap_time_s": 1203.6388638759381,
  "rewire_time_s": 852.7354423308279,
  "accounted_time_s": 2625.940618559165,
  "rewire_wall_time_s": 852.763193791965,
  "accounted_wall_time_s": 2625.9683700203022,
  "truncation_diagnostics": {
    "max_bond_limit": 4096.0,
    "rows_at_max_bond": 0,
    "rows_at_max_bond_by_stage": {},
    "absorb_probe_left_hits_max_bond": 0,
    "absorb_probe_right_hits_max_bond": 0,
    "selected_absorbs_hit_max_bond": 0,
    "absorb_probe_left_over_unswap_threshold": 20,
    "absorb_probe_right_over_unswap_threshold": 33,
    "first_stage_at_max_bond": null,
    "first_unswap_cycle_at_max_bond": null,
    "first_time_at_max_bond_s": null
  },
  "sampling_skipped_reason": "disabled"
}
